Using pre-set license
Built from '6000.1/staging' branch; Version is '6000.1.4f1 (03270eb687c6) revision 206606'; Using compiler version '194234433'; Build Type 'Release'
OS: 'Windows 11  (10.0.26200) 64bit Core' Language: 'en' Physical Memory: 15799 MB
BatchMode: 1, IsHumanControllingUs: 0, StartBugReporterOnCrash: 0, Is64bit: 1, IsPro: 1
Date: 2026-03-09T02:12:45Z

COMMAND LINE ARGUMENTS:
C:\Program Files\Unity\Hub\Editor\6000.1.4f1\Editor\Unity.exe
-adb2
-batchMode
-noUpm
-name
AssetImportWorker8
-projectPath
C:/Users/anime/Multiplayer1
-logFile
Logs/AssetImportWorker8.log
-srvPort
63285
-job-worker-count
10
-background-job-worker-count
8
-gc-helper-count
1
-name
AssetImport
Successfully changed project path to: C:/Users/anime/Multiplayer1
C:/Users/anime/Multiplayer1
[UnityMemory] Configuration Parameters - Can be set up in boot.config
    "memorysetup-allocator-temp-initial-block-size-main=262144"
    "memorysetup-allocator-temp-initial-block-size-worker=262144"
    "memorysetup-bucket-allocator-granularity=16"
    "memorysetup-bucket-allocator-bucket-count=8"
    "memorysetup-bucket-allocator-block-size=33554432"
    "memorysetup-bucket-allocator-block-count=8"
    "memorysetup-main-allocator-block-size=16777216"
    "memorysetup-thread-allocator-block-size=16777216"
    "memorysetup-gfx-main-allocator-block-size=16777216"
    "memorysetup-gfx-thread-allocator-block-size=16777216"
    "memorysetup-cache-allocator-block-size=4194304"
    "memorysetup-typetree-allocator-block-size=2097152"
    "memorysetup-profiler-bucket-allocator-granularity=16"
    "memorysetup-profiler-bucket-allocator-bucket-count=8"
    "memorysetup-profiler-bucket-allocator-block-size=33554432"
    "memorysetup-profiler-bucket-allocator-block-count=8"
    "memorysetup-profiler-allocator-block-size=16777216"
    "memorysetup-profiler-editor-allocator-block-size=1048576"
    "memorysetup-temp-allocator-size-main=16777216"
    "memorysetup-job-temp-allocator-block-size=2097152"
    "memorysetup-job-temp-allocator-block-size-background=1048576"
    "memorysetup-job-temp-allocator-reduction-small-platforms=262144"
    "memorysetup-temp-allocator-size-background-worker=32768"
    "memorysetup-temp-allocator-size-job-worker=262144"
    "memorysetup-temp-allocator-size-preload-manager=33554432"
    "memorysetup-temp-allocator-size-nav-mesh-worker=65536"
    "memorysetup-temp-allocator-size-audio-worker=65536"
    "memorysetup-temp-allocator-size-cloud-worker=32768"
    "memorysetup-temp-allocator-size-gi-baking-worker=262144"
    "memorysetup-temp-allocator-size-gi-baking-worker=262144"
    "memorysetup-temp-allocator-size-gi-baking-worker=262144"
    "memorysetup-temp-allocator-size-gi-baking-worker=262144"
    "memorysetup-temp-allocator-size-gi-baking-worker=262144"
    "memorysetup-temp-allocator-size-gfx=262144"
Player connection [44072]  Target information:

Player connection [44072]  * "[IP] 192.168.16.43 [Port] 0 [Flags] 2 [Guid] 2276707092 [EditorId] 2276707092 [Version] 1048832 [Id] WindowsEditor(7,test) [Debug] 1 [PackageName] WindowsEditor [ProjectName] Editor" 

Player connection [44072] Host joined multi-casting on [225.0.0.222:54997]...
Player connection [44072] Host joined alternative multi-casting on [225.0.0.222:34997]...
JobSystem: Creating JobQueue using job-worker-count value 10
Input System module state changed to: Initialized.
[Physics::Module] Initialized fallback backend.
[Physics::Module] Id: 0xdecafbad
Library Redirect Path: Library/
[Physics::Module] Selected backend.
[Physics::Module] Name: PhysX
[Physics::Module] Id: 0xf2b8ea05
[Physics::Module] SDK Version: 4.1.2
[Physics::Module] Integration Version: 1.0.0
[Physics::Module] Threading Mode: Multi-Threaded
Refreshing native plugins compatible for Editor in 381.53 ms, found 4 plugins.
Preloading 0 native plugins for Editor in 0.00 ms.
Initialize engine version: 6000.1.4f1 (03270eb687c6)
[Subsystems] Discovering subsystems at path C:/Program Files/Unity/Hub/Editor/6000.1.4f1/Editor/Data/Resources/UnitySubsystems
[Subsystems] Discovering subsystems at path C:/Users/anime/Multiplayer1/Assets
GfxDevice: creating device client; kGfxThreadingModeNonThreaded
Direct3D:
    Version:         Direct3D 12 [level 12.1]
    Renderer:        NVIDIA GeForce RTX 4060 Laptop GPU (ID=0x28a0)
    Vendor:          NVIDIA
    VRAM:            7957 MB
    App VRAM Budget: 7189 MB
    Driver:          32.0.15.8183
Initialize mono
Mono path[0] = 'C:/Program Files/Unity/Hub/Editor/6000.1.4f1/Editor/Data/Managed'
Mono path[1] = 'C:/Program Files/Unity/Hub/Editor/6000.1.4f1/Editor/Data/MonoBleedingEdge/lib/mono/unityjit-win32'
Mono config path = 'C:/Program Files/Unity/Hub/Editor/6000.1.4f1/Editor/Data/MonoBleedingEdge/etc'
Using monoOptions --debugger-agent=transport=dt_socket,embedding=1,server=y,suspend=n,address=127.0.0.1:56140
Begin MonoManager ReloadAssembly
Registering precompiled unity dll's ...
Register platform support module: C:/Program Files/Unity/Hub/Editor/6000.1.4f1/Editor/Data/PlaybackEngines/WebGLSupport/UnityEditor.WebGL.Extensions.dll
Register platform support module: C:/Program Files/Unity/Hub/Editor/6000.1.4f1/Editor/Data/PlaybackEngines/WindowsStandaloneSupport/UnityEditor.WindowsStandalone.Extensions.dll
Registered in 0.002744 seconds.
- Loaded All Assemblies, in  1.945 seconds
Native extension for WindowsStandalone target not found
Native extension for WebGL target not found
Mono: successfully reloaded assembly
- Finished resetting the current domain, in  0.532 seconds
Domain Reload Profiling: 2473ms
	BeginReloadAssembly (225ms)
		ExecutionOrderSort (0ms)
		DisableScriptedObjects (0ms)
		BackupInstance (0ms)
		ReleaseScriptingObjects (0ms)
		CreateAndSetChildDomain (1ms)
	RebuildCommonClasses (521ms)
	RebuildNativeTypeToScriptingClass (17ms)
	initialDomainReloadingComplete (66ms)
	LoadAllAssembliesAndSetupDomain (1112ms)
		LoadAssemblies (221ms)
		RebuildTransferFunctionScriptingTraits (0ms)
		AnalyzeDomain (1107ms)
			TypeCache.Refresh (1105ms)
				TypeCache.ScanAssembly (772ms)
			BuildScriptInfoCaches (0ms)
			ResolveRequiredComponents (1ms)
	FinalizeReload (532ms)
		ReleaseScriptCaches (0ms)
		RebuildScriptCaches (0ms)
		SetupLoadedEditorAssemblies (470ms)
			LogAssemblyErrors (0ms)
			InitializePlatformSupportModulesInManaged (63ms)
			SetLoadedEditorAssemblies (3ms)
			BeforeProcessingInitializeOnLoad (69ms)
			ProcessInitializeOnLoadAttributes (202ms)
			ProcessInitializeOnLoadMethodAttributes (132ms)
			AfterProcessingInitializeOnLoad (0ms)
			EditorAssembliesLoaded (0ms)
		ExecutionOrderSort2 (0ms)
		AwakeInstancesAfterBackupRestoration (0ms)
========================================================================
Worker process is ready to serve import requests
Import Worker Mode flag is 0x00
Begin MonoManager ReloadAssembly
- Loaded All Assemblies, in  1.321 seconds
Refreshing native plugins compatible for Editor in 4.70 ms, found 4 plugins.
Native extension for WindowsStandalone target not found
Native extension for WebGL target not found
Mono: successfully reloaded assembly
- Finished resetting the current domain, in  1.665 seconds
Domain Reload Profiling: 2977ms
	BeginReloadAssembly (254ms)
		ExecutionOrderSort (0ms)
		DisableScriptedObjects (10ms)
		BackupInstance (0ms)
		ReleaseScriptingObjects (0ms)
		CreateAndSetChildDomain (41ms)
	RebuildCommonClasses (42ms)
	RebuildNativeTypeToScriptingClass (13ms)
	initialDomainReloadingComplete (49ms)
	LoadAllAssembliesAndSetupDomain (953ms)
		LoadAssemblies (732ms)
		RebuildTransferFunctionScriptingTraits (0ms)
		AnalyzeDomain (366ms)
			TypeCache.Refresh (276ms)
				TypeCache.ScanAssembly (256ms)
			BuildScriptInfoCaches (71ms)
			ResolveRequiredComponents (15ms)
	FinalizeReload (1666ms)
		ReleaseScriptCaches (0ms)
		RebuildScriptCaches (0ms)
		SetupLoadedEditorAssemblies (1442ms)
			LogAssemblyErrors (0ms)
			InitializePlatformSupportModulesInManaged (3ms)
			SetLoadedEditorAssemblies (6ms)
			BeforeProcessingInitializeOnLoad (220ms)
			ProcessInitializeOnLoadAttributes (937ms)
			ProcessInitializeOnLoadMethodAttributes (264ms)
			AfterProcessingInitializeOnLoad (11ms)
			EditorAssembliesLoaded (0ms)
		ExecutionOrderSort2 (0ms)
		AwakeInstancesAfterBackupRestoration (11ms)
Launched and connected shader compiler UnityShaderCompiler.exe after 0.06 seconds
Refreshing native plugins compatible for Editor in 7.56 ms, found 4 plugins.
Preloading 0 native plugins for Editor in 0.00 ms.
Unloading 231 Unused Serialized files (Serialized files now loaded: 0)
Unloading 7204 unused Assets / (6.4 MB). Loaded Objects now: 7889.
Memory consumption went from 177.8 MB to 171.4 MB.
Total: 17.394100 ms (FindLiveObjects: 2.577300 ms CreateObjectMapping: 0.492400 ms MarkObjects: 9.699800 ms  DeleteObjects: 4.621600 ms)

========================================================================
Received Import Request.
  Time since last request: 257938.842453 seconds.
  path: Assets/Scenes/SampleScene.unity
  artifactKey: Guid(8c9cfa26abfee488c85f1582747f6a02) Importer(815301076,1909f56bfc062723c751e8b465ee728b)
Start importing Assets/Scenes/SampleScene.unity using Guid(8c9cfa26abfee488c85f1582747f6a02) Importer(815301076,1909f56bfc062723c751e8b465ee728b) (PreviewImporter) -> (artifact id: '31d2afe1a241eb881be403b271436124') in 0.0167838 seconds
Number of updated asset objects reloaded before import = 0Number of asset objects unloaded after import = 0

========================================================================
Received Prepare
Begin MonoManager ReloadAssembly
- Loaded All Assemblies, in  0.800 seconds
Refreshing native plugins compatible for Editor in 3.29 ms, found 4 plugins.
Native extension for WindowsStandalone target not found
Native extension for WebGL target not found
Mono: successfully reloaded assembly
- Finished resetting the current domain, in  0.994 seconds
Domain Reload Profiling: 1793ms
	BeginReloadAssembly (235ms)
		ExecutionOrderSort (0ms)
		DisableScriptedObjects (15ms)
		BackupInstance (0ms)
		ReleaseScriptingObjects (0ms)
		CreateAndSetChildDomain (62ms)
	RebuildCommonClasses (33ms)
	RebuildNativeTypeToScriptingClass (11ms)
	initialDomainReloadingComplete (33ms)
	LoadAllAssembliesAndSetupDomain (485ms)
		LoadAssemblies (392ms)
		RebuildTransferFunctionScriptingTraits (0ms)
		AnalyzeDomain (189ms)
			TypeCache.Refresh (7ms)
				TypeCache.ScanAssembly (0ms)
			BuildScriptInfoCaches (165ms)
			ResolveRequiredComponents (12ms)
	FinalizeReload (995ms)
		ReleaseScriptCaches (0ms)
		RebuildScriptCaches (0ms)
		SetupLoadedEditorAssemblies (831ms)
			LogAssemblyErrors (0ms)
			InitializePlatformSupportModulesInManaged (2ms)
			SetLoadedEditorAssemblies (7ms)
			BeforeProcessingInitializeOnLoad (134ms)
			ProcessInitializeOnLoadAttributes (579ms)
			ProcessInitializeOnLoadMethodAttributes (100ms)
			AfterProcessingInitializeOnLoad (9ms)
			EditorAssembliesLoaded (1ms)
		ExecutionOrderSort2 (0ms)
		AwakeInstancesAfterBackupRestoration (18ms)
Refreshing native plugins compatible for Editor in 4.05 ms, found 4 plugins.
Preloading 0 native plugins for Editor in 0.00 ms.
Unloading 36 Unused Serialized files (Serialized files now loaded: 0)
Unloading 7203 unused Assets / (6.1 MB). Loaded Objects now: 7895.
Memory consumption went from 151.0 MB to 144.8 MB.
Total: 13.223900 ms (FindLiveObjects: 0.675100 ms CreateObjectMapping: 0.509900 ms MarkObjects: 8.143300 ms  DeleteObjects: 3.893600 ms)

Prepare: number of updated asset objects reloaded= 0
========================================================================
Received Import Request.
  Time since last request: 68.029383 seconds.
  path: Assets/Scenes/CharacterSelect.unity
  artifactKey: Guid(ed5db364b3ed9364b96b79819828eaab) Importer(815301076,1909f56bfc062723c751e8b465ee728b)
Start importing Assets/Scenes/CharacterSelect.unity using Guid(ed5db364b3ed9364b96b79819828eaab) Importer(815301076,1909f56bfc062723c751e8b465ee728b) (PreviewImporter) -> (artifact id: '00c989643ce7416e1543a4d622d6e6b6') in 0.0039528 seconds
Number of updated asset objects reloaded before import = 0Number of asset objects unloaded after import = 0

========================================================================
Received Import Request.
  Time since last request: 41.018484 seconds.
  path: Assets/Sprites/craftpix-net-439247-free-fantasy-chibi-male-sprites-pixel-art/PSD/Archer_spritelist.psd
  artifactKey: Guid(370965af1f19a8f438021d31efab6ff1) Importer(815301076,1909f56bfc062723c751e8b465ee728b)
Start importing Assets/Sprites/craftpix-net-439247-free-fantasy-chibi-male-sprites-pixel-art/PSD/Archer_spritelist.psd using Guid(370965af1f19a8f438021d31efab6ff1) Importer(815301076,1909f56bfc062723c751e8b465ee728b) (PreviewImporter) -> (artifact id: '62705dfc13e28ddcc274807431695a63') in 0.6018793 seconds
Number of updated asset objects reloaded before import = 0Number of asset objects unloaded after import = 75

========================================================================
Received Import Request.
  Time since last request: 3.955863 seconds.
  path: Assets/Sprites/craftpix-net-439247-free-fantasy-chibi-male-sprites-pixel-art/Archer/Arrow.png
  artifactKey: Guid(66caed2bf354ee743b7be8ca89b5f001) Importer(815301076,1909f56bfc062723c751e8b465ee728b)
Start importing Assets/Sprites/craftpix-net-439247-free-fantasy-chibi-male-sprites-pixel-art/Archer/Arrow.png using Guid(66caed2bf354ee743b7be8ca89b5f001) Importer(815301076,1909f56bfc062723c751e8b465ee728b) (PreviewImporter) -> (artifact id: 'ad7f559e1742b6560991954a15f85fc8') in 0.0291541 seconds
Number of updated asset objects reloaded before import = 0Number of asset objects unloaded after import = 3

========================================================================
Received Import Request.
  Time since last request: 0.000017 seconds.
  path: Assets/Sprites/craftpix-net-439247-free-fantasy-chibi-male-sprites-pixel-art/Wizard/Attack_1.png
  artifactKey: Guid(4b32f50838d9b754d822ae1e6f521968) Importer(815301076,1909f56bfc062723c751e8b465ee728b)
Start importing Assets/Sprites/craftpix-net-439247-free-fantasy-chibi-male-sprites-pixel-art/Wizard/Attack_1.png using Guid(4b32f50838d9b754d822ae1e6f521968) Importer(815301076,1909f56bfc062723c751e8b465ee728b) (PreviewImporter) -> (artifact id: '7d917d3db126f516eb86d77c9feed6d3') in 0.1529042 seconds
Number of updated asset objects reloaded before import = 0Number of asset objects unloaded after import = 18

========================================================================
Received Import Request.
  Time since last request: 0.000024 seconds.
  path: Assets/Sprites/craftpix-net-211148-free-fantasy-chibi-female-sprites-pixel-art/Knight/Attack_1.png
  artifactKey: Guid(5a64a684a81ae814fbd8ab8293ee13d5) Importer(815301076,1909f56bfc062723c751e8b465ee728b)
Start importing Assets/Sprites/craftpix-net-211148-free-fantasy-chibi-female-sprites-pixel-art/Knight/Attack_1.png using Guid(5a64a684a81ae814fbd8ab8293ee13d5) Importer(815301076,1909f56bfc062723c751e8b465ee728b) (PreviewImporter) -> (artifact id: 'f0c7bb449f147351c1f5e513cb833868') in 0.0908229 seconds
Number of updated asset objects reloaded before import = 0Number of asset objects unloaded after import = 8

========================================================================
Received Import Request.
  Time since last request: 0.095542 seconds.
  path: Assets/Sprites/craftpix-net-211148-free-fantasy-chibi-female-sprites-pixel-art/Musketeer/Attack_1.png
  artifactKey: Guid(db10136d5e21510448dc65041b259181) Importer(815301076,1909f56bfc062723c751e8b465ee728b)
Start importing Assets/Sprites/craftpix-net-211148-free-fantasy-chibi-female-sprites-pixel-art/Musketeer/Attack_1.png using Guid(db10136d5e21510448dc65041b259181) Importer(815301076,1909f56bfc062723c751e8b465ee728b) (PreviewImporter) -> (artifact id: '2222f96b4d3bc9bc0ffb5e2490c7bb49') in 0.0596236 seconds
Number of updated asset objects reloaded before import = 0Number of asset objects unloaded after import = 10

========================================================================
Received Import Request.
  Time since last request: 2.776717 seconds.
  path: Assets/Sprites/craftpix-net-211148-free-fantasy-chibi-female-sprites-pixel-art/PSD/Enchantress_spritelist.psd
  artifactKey: Guid(3a6d9881160486a46954bb9cc4d984c2) Importer(815301076,1909f56bfc062723c751e8b465ee728b)
Start importing Assets/Sprites/craftpix-net-211148-free-fantasy-chibi-female-sprites-pixel-art/PSD/Enchantress_spritelist.psd using Guid(3a6d9881160486a46954bb9cc4d984c2) Importer(815301076,1909f56bfc062723c751e8b465ee728b) (PreviewImporter) -> (artifact id: '6464e3423af6afc19c9327d4e5be3e70') in 0.5256352 seconds
Number of updated asset objects reloaded before import = 0Number of asset objects unloaded after import = 82

========================================================================
Received Import Request.
  Time since last request: 0.438401 seconds.
  path: Assets/Sprites/craftpix-net-439247-free-fantasy-chibi-male-sprites-pixel-art/Archer/Idle.png
  artifactKey: Guid(06c6a6b99945bf548a7259290750ee80) Importer(815301076,1909f56bfc062723c751e8b465ee728b)
Start importing Assets/Sprites/craftpix-net-439247-free-fantasy-chibi-male-sprites-pixel-art/Archer/Idle.png using Guid(06c6a6b99945bf548a7259290750ee80) Importer(815301076,1909f56bfc062723c751e8b465ee728b) (PreviewImporter) -> (artifact id: '3ce30213bd228210ba3800a6aa921672') in 0.0572278 seconds
Number of updated asset objects reloaded before import = 0Number of asset objects unloaded after import = 8

========================================================================
Received Import Request.
  Time since last request: 0.000026 seconds.
  path: Assets/Sprites/craftpix-net-439247-free-fantasy-chibi-male-sprites-pixel-art/Wizard/Idle.png
  artifactKey: Guid(f491d53cced3c434887787e855fecf83) Importer(815301076,1909f56bfc062723c751e8b465ee728b)
Start importing Assets/Sprites/craftpix-net-439247-free-fantasy-chibi-male-sprites-pixel-art/Wizard/Idle.png using Guid(f491d53cced3c434887787e855fecf83) Importer(815301076,1909f56bfc062723c751e8b465ee728b) (PreviewImporter) -> (artifact id: '6352846aa46391e729c3c2686bd681f8') in 0.0459407 seconds
Number of updated asset objects reloaded before import = 0Number of asset objects unloaded after import = 8

========================================================================
Received Import Request.
  Time since last request: 0.000029 seconds.
  path: Assets/Sprites/craftpix-net-211148-free-fantasy-chibi-female-sprites-pixel-art/Knight/Idle.png
  artifactKey: Guid(9a832334de9d4fd40a40c2697ba01003) Importer(815301076,1909f56bfc062723c751e8b465ee728b)
Start importing Assets/Sprites/craftpix-net-211148-free-fantasy-chibi-female-sprites-pixel-art/Knight/Idle.png using Guid(9a832334de9d4fd40a40c2697ba01003) Importer(815301076,1909f56bfc062723c751e8b465ee728b) (PreviewImporter) -> (artifact id: 'bf0d5e5bdbb3d646f974c4d0817c8193') in 0.0694915 seconds
Number of updated asset objects reloaded before import = 0Number of asset objects unloaded after import = 8

========================================================================
Received Import Request.
  Time since last request: 3.072592 seconds.
  path: Assets/Sprites/craftpix-net-439247-free-fantasy-chibi-male-sprites-pixel-art/Wizard/Idle_2.png
  artifactKey: Guid(9eeb4630b67ba7841961f5e1392a27bc) Importer(815301076,1909f56bfc062723c751e8b465ee728b)
Start importing Assets/Sprites/craftpix-net-439247-free-fantasy-chibi-male-sprites-pixel-art/Wizard/Idle_2.png using Guid(9eeb4630b67ba7841961f5e1392a27bc) Importer(815301076,1909f56bfc062723c751e8b465ee728b) (PreviewImporter) -> (artifact id: 'b8fee46aaf95260f2d333d749c378ecd') in 0.0528449 seconds
Number of updated asset objects reloaded before import = 0Number of asset objects unloaded after import = 7

========================================================================
Received Import Request.
  Time since last request: 0.070051 seconds.
  path: Assets/Sprites/craftpix-net-439247-free-fantasy-chibi-male-sprites-pixel-art/Archer/Idle_2.png
  artifactKey: Guid(423707b89a3c7344486aa93a730fcdc3) Importer(815301076,1909f56bfc062723c751e8b465ee728b)
Start importing Assets/Sprites/craftpix-net-439247-free-fantasy-chibi-male-sprites-pixel-art/Archer/Idle_2.png using Guid(423707b89a3c7344486aa93a730fcdc3) Importer(815301076,1909f56bfc062723c751e8b465ee728b) (PreviewImporter) -> (artifact id: 'a5278a38d35eaee363db2da9823cf7cc') in 0.0654871 seconds
Number of updated asset objects reloaded before import = 0Number of asset objects unloaded after import = 6

========================================================================
Received Import Request.
  Time since last request: 0.028305 seconds.
  path: Assets/Sprites/craftpix-net-439247-free-fantasy-chibi-male-sprites-pixel-art/Swordsman/Idle_2.png
  artifactKey: Guid(b3d4f3ee290ac3b4ba4b1c4beb4d5ac4) Importer(815301076,1909f56bfc062723c751e8b465ee728b)
Start importing Assets/Sprites/craftpix-net-439247-free-fantasy-chibi-male-sprites-pixel-art/Swordsman/Idle_2.png using Guid(b3d4f3ee290ac3b4ba4b1c4beb4d5ac4) Importer(815301076,1909f56bfc062723c751e8b465ee728b) (PreviewImporter) -> (artifact id: 'c2096c9843f7bcb26457ec1f668892ba') in 0.0406386 seconds
Number of updated asset objects reloaded before import = 0Number of asset objects unloaded after import = 5

========================================================================
Received Import Request.
  Time since last request: 44.820776 seconds.
  path: Assets/Sprites/craftpix-net-439247-free-fantasy-chibi-male-sprites-pixel-art/COUPON.png
  artifactKey: Guid(1f39f437f016e4f4a9c785f868dd39e1) Importer(815301076,1909f56bfc062723c751e8b465ee728b)
Start importing Assets/Sprites/craftpix-net-439247-free-fantasy-chibi-male-sprites-pixel-art/COUPON.png using Guid(1f39f437f016e4f4a9c785f868dd39e1) Importer(815301076,1909f56bfc062723c751e8b465ee728b) (PreviewImporter) -> (artifact id: '730b0b1c87ac16e99cc3e99154954e39') in 0.0640616 seconds
Number of updated asset objects reloaded before import = 0Number of asset objects unloaded after import = 3

========================================================================
Received Import Request.
  Time since last request: 8.385642 seconds.
  path: Assets/Sprites/craftpix-net-211148-free-fantasy-chibi-female-sprites-pixel-art/Knight/Attack_2.png
  artifactKey: Guid(9e3adb296d4dcfd47b566ca964764217) Importer(815301076,1909f56bfc062723c751e8b465ee728b)
Start importing Assets/Sprites/craftpix-net-211148-free-fantasy-chibi-female-sprites-pixel-art/Knight/Attack_2.png using Guid(9e3adb296d4dcfd47b566ca964764217) Importer(815301076,1909f56bfc062723c751e8b465ee728b) (PreviewImporter) -> (artifact id: '6be60179c2383a6a6633384f8d2129d0') in 0.0673631 seconds
Number of updated asset objects reloaded before import = 0Number of asset objects unloaded after import = 5

========================================================================
Received Import Request.
  Time since last request: 0.000019 seconds.
  path: Assets/Sprites/craftpix-net-211148-free-fantasy-chibi-female-sprites-pixel-art/Knight/Hurt.png
  artifactKey: Guid(09bfcf00caaaacc438f8c14bd8e2b083) Importer(815301076,1909f56bfc062723c751e8b465ee728b)
Start importing Assets/Sprites/craftpix-net-211148-free-fantasy-chibi-female-sprites-pixel-art/Knight/Hurt.png using Guid(09bfcf00caaaacc438f8c14bd8e2b083) Importer(815301076,1909f56bfc062723c751e8b465ee728b) (PreviewImporter) -> (artifact id: '8aa3b952e3144ba31417a2ddb6707177') in 0.0450425 seconds
Number of updated asset objects reloaded before import = 0Number of asset objects unloaded after import = 5

========================================================================
Received Import Request.
  Time since last request: 0.000021 seconds.
  path: Assets/Sprites/craftpix-net-211148-free-fantasy-chibi-female-sprites-pixel-art/Knight/Dead.png
  artifactKey: Guid(99313ac9a41292349a466eb1afdf57f9) Importer(815301076,1909f56bfc062723c751e8b465ee728b)
Start importing Assets/Sprites/craftpix-net-211148-free-fantasy-chibi-female-sprites-pixel-art/Knight/Dead.png using Guid(99313ac9a41292349a466eb1afdf57f9) Importer(815301076,1909f56bfc062723c751e8b465ee728b) (PreviewImporter) -> (artifact id: 'fbfe5b9e7b49c2880026044590d64769') in 0.0560484 seconds
Number of updated asset objects reloaded before import = 0Number of asset objects unloaded after import = 6

========================================================================
Received Import Request.
  Time since last request: 1.004603 seconds.
  path: Assets/Sprites/craftpix-net-211148-free-fantasy-chibi-female-sprites-pixel-art/Musketeer/Attack_2.png
  artifactKey: Guid(a6b04e4ae32031149adbcbb3605de412) Importer(815301076,1909f56bfc062723c751e8b465ee728b)
Start importing Assets/Sprites/craftpix-net-211148-free-fantasy-chibi-female-sprites-pixel-art/Musketeer/Attack_2.png using Guid(a6b04e4ae32031149adbcbb3605de412) Importer(815301076,1909f56bfc062723c751e8b465ee728b) (PreviewImporter) -> (artifact id: 'd424bf28ba38f44e79d9810d47ed90ba') in 0.0657394 seconds
Number of updated asset objects reloaded before import = 0Number of asset objects unloaded after import = 8

========================================================================
Received Import Request.
  Time since last request: 0.000027 seconds.
  path: Assets/Sprites/craftpix-net-211148-free-fantasy-chibi-female-sprites-pixel-art/Musketeer/Jump.png
  artifactKey: Guid(3eb9924f2bd73e64190c84976a3ebbe3) Importer(815301076,1909f56bfc062723c751e8b465ee728b)
Start importing Assets/Sprites/craftpix-net-211148-free-fantasy-chibi-female-sprites-pixel-art/Musketeer/Jump.png using Guid(3eb9924f2bd73e64190c84976a3ebbe3) Importer(815301076,1909f56bfc062723c751e8b465ee728b) (PreviewImporter) -> (artifact id: 'a3d750d673eabae4ee03f1c57a9c4ae2') in 0.0611263 seconds
Number of updated asset objects reloaded before import = 0Number of asset objects unloaded after import = 9

========================================================================
Received Import Request.
  Time since last request: 0.000034 seconds.
  path: Assets/Sprites/craftpix-net-211148-free-fantasy-chibi-female-sprites-pixel-art/Musketeer/Dead.png
  artifactKey: Guid(1ce520d97b8e42e4b9a7b0e3dc421885) Importer(815301076,1909f56bfc062723c751e8b465ee728b)
Start importing Assets/Sprites/craftpix-net-211148-free-fantasy-chibi-female-sprites-pixel-art/Musketeer/Dead.png using Guid(1ce520d97b8e42e4b9a7b0e3dc421885) Importer(815301076,1909f56bfc062723c751e8b465ee728b) (PreviewImporter) -> (artifact id: 'b2aa433c4c627bcba2a759829c2161b0') in 0.0433248 seconds
Number of updated asset objects reloaded before import = 0Number of asset objects unloaded after import = 6

========================================================================
Received Import Request.
  Time since last request: 0.962505 seconds.
  path: Assets/Sprites/craftpix-net-211148-free-fantasy-chibi-female-sprites-pixel-art/PSD/Knight_spritelist.psd
  artifactKey: Guid(dcc122dd27163604ca032e2ac9a1d3d0) Importer(815301076,1909f56bfc062723c751e8b465ee728b)
Start importing Assets/Sprites/craftpix-net-211148-free-fantasy-chibi-female-sprites-pixel-art/PSD/Knight_spritelist.psd using Guid(dcc122dd27163604ca032e2ac9a1d3d0) Importer(815301076,1909f56bfc062723c751e8b465ee728b) (PreviewImporter) -> (artifact id: 'b288e88a6068bb9b65fb69625ccdc80f') in 0.2353409 seconds
Number of updated asset objects reloaded before import = 0Number of asset objects unloaded after import = 56

========================================================================
Received Prepare
Begin MonoManager ReloadAssembly
- Loaded All Assemblies, in  0.816 seconds
Refreshing native plugins compatible for Editor in 3.14 ms, found 4 plugins.
Native extension for WindowsStandalone target not found
Native extension for WebGL target not found
Mono: successfully reloaded assembly
- Finished resetting the current domain, in  1.113 seconds
Domain Reload Profiling: 1929ms
	BeginReloadAssembly (241ms)
		ExecutionOrderSort (0ms)
		DisableScriptedObjects (15ms)
		BackupInstance (0ms)
		ReleaseScriptingObjects (0ms)
		CreateAndSetChildDomain (57ms)
	RebuildCommonClasses (39ms)
	RebuildNativeTypeToScriptingClass (12ms)
	initialDomainReloadingComplete (30ms)
	LoadAllAssembliesAndSetupDomain (495ms)
		LoadAssemblies (385ms)
		RebuildTransferFunctionScriptingTraits (0ms)
		AnalyzeDomain (213ms)
			TypeCache.Refresh (7ms)
				TypeCache.ScanAssembly (0ms)
			BuildScriptInfoCaches (188ms)
			ResolveRequiredComponents (14ms)
	FinalizeReload (1114ms)
		ReleaseScriptCaches (0ms)
		RebuildScriptCaches (0ms)
		SetupLoadedEditorAssemblies (947ms)
			LogAssemblyErrors (0ms)
			InitializePlatformSupportModulesInManaged (3ms)
			SetLoadedEditorAssemblies (6ms)
			BeforeProcessingInitializeOnLoad (146ms)
			ProcessInitializeOnLoadAttributes (661ms)
			ProcessInitializeOnLoadMethodAttributes (124ms)
			AfterProcessingInitializeOnLoad (7ms)
			EditorAssembliesLoaded (0ms)
		ExecutionOrderSort2 (0ms)
		AwakeInstancesAfterBackupRestoration (16ms)
Refreshing native plugins compatible for Editor in 2.91 ms, found 4 plugins.
Preloading 0 native plugins for Editor in 0.00 ms.
Unloading 36 Unused Serialized files (Serialized files now loaded: 0)
Unloading 7203 unused Assets / (6.5 MB). Loaded Objects now: 8214.
Memory consumption went from 157.2 MB to 150.8 MB.
Total: 10.176100 ms (FindLiveObjects: 0.722200 ms CreateObjectMapping: 0.698400 ms MarkObjects: 5.231800 ms  DeleteObjects: 3.521700 ms)

Prepare: number of updated asset objects reloaded= 0
========================================================================
Received Import Request.
  Time since last request: 384.494004 seconds.
  path: Assets/Scenes/CharacterSelect.unity
  artifactKey: Guid(ed5db364b3ed9364b96b79819828eaab) Importer(815301076,1909f56bfc062723c751e8b465ee728b)
Start importing Assets/Scenes/CharacterSelect.unity using Guid(ed5db364b3ed9364b96b79819828eaab) Importer(815301076,1909f56bfc062723c751e8b465ee728b) (PreviewImporter) -> (artifact id: 'adf51f7e1eb2cc02876b268638dca612') in 0.0030263 seconds
Number of updated asset objects reloaded before import = 0Number of asset objects unloaded after import = 0

========================================================================
Received Import Request.
  Time since last request: 400.061618 seconds.
  path: Assets/Sprites/craftpix-net-211148-free-fantasy-chibi-female-sprites-pixel-art/Knight/Idle.png
  artifactKey: Guid(9a832334de9d4fd40a40c2697ba01003) Importer(815301076,1909f56bfc062723c751e8b465ee728b)
Start importing Assets/Sprites/craftpix-net-211148-free-fantasy-chibi-female-sprites-pixel-art/Knight/Idle.png using Guid(9a832334de9d4fd40a40c2697ba01003) Importer(815301076,1909f56bfc062723c751e8b465ee728b) (PreviewImporter) -> (artifact id: 'dbae17197d8b3375e22bd8b280625c27') in 0.1458893 seconds
Number of updated asset objects reloaded before import = 0Number of asset objects unloaded after import = 8

========================================================================
Received Import Request.
  Time since last request: 38.183074 seconds.
  path: Assets/Sprites/craftpix-net-439247-free-fantasy-chibi-male-sprites-pixel-art/Wizard/Hurt.png
  artifactKey: Guid(25c5586259010ee4baf06afae1e808c3) Importer(815301076,1909f56bfc062723c751e8b465ee728b)
Start importing Assets/Sprites/craftpix-net-439247-free-fantasy-chibi-male-sprites-pixel-art/Wizard/Hurt.png using Guid(25c5586259010ee4baf06afae1e808c3) Importer(815301076,1909f56bfc062723c751e8b465ee728b) (PreviewImporter) -> (artifact id: '4942eedbc9dd8cbace394c9d7da3aaf5') in 0.0386779 seconds
Number of updated asset objects reloaded before import = 0Number of asset objects unloaded after import = 6

========================================================================
Received Import Request.
  Time since last request: 449.838500 seconds.
  path: Assets/Sprites/craftpix-net-211148-free-fantasy-chibi-female-sprites-pixel-art/Knight/Idle.png
  artifactKey: Guid(9a832334de9d4fd40a40c2697ba01003) Importer(815301076,1909f56bfc062723c751e8b465ee728b)
Start importing Assets/Sprites/craftpix-net-211148-free-fantasy-chibi-female-sprites-pixel-art/Knight/Idle.png using Guid(9a832334de9d4fd40a40c2697ba01003) Importer(815301076,1909f56bfc062723c751e8b465ee728b) (PreviewImporter) -> (artifact id: '977d9ddbf0f77ac899d9efb867a5ec2c') in 0.0910779 seconds
Number of updated asset objects reloaded before import = 0Number of asset objects unloaded after import = 8

========================================================================
Received Import Request.
  Time since last request: 192.488243 seconds.
  path: Assets/Sprites/craftpix-net-211148-free-fantasy-chibi-female-sprites-pixel-art/Knight/KnightHover.anim
  artifactKey: Guid(7efa7e2e81eda8f44a3de2098cc3a464) Importer(815301076,1909f56bfc062723c751e8b465ee728b)
Start importing Assets/Sprites/craftpix-net-211148-free-fantasy-chibi-female-sprites-pixel-art/Knight/KnightHover.anim using Guid(7efa7e2e81eda8f44a3de2098cc3a464) Importer(815301076,1909f56bfc062723c751e8b465ee728b) (PreviewImporter) -> (artifact id: 'c6b143fcb07754b618155bde2f47a558') in 0.0025545 seconds
Number of updated asset objects reloaded before import = 0Number of asset objects unloaded after import = 1

========================================================================
Received Import Request.
  Time since last request: 117.368787 seconds.
  path: Assets/Sprites/craftpix-net-211148-free-fantasy-chibi-female-sprites-pixel-art/Knight
  artifactKey: Guid(808d68170bfc0954288e4c69f06236b3) Importer(815301076,1909f56bfc062723c751e8b465ee728b)
Start importing Assets/Sprites/craftpix-net-211148-free-fantasy-chibi-female-sprites-pixel-art/Knight using Guid(808d68170bfc0954288e4c69f06236b3) Importer(815301076,1909f56bfc062723c751e8b465ee728b) (PreviewImporter) -> (artifact id: '6f948b71231287ea621bb0e4dc28901f') in 0.0010798 seconds
Number of updated asset objects reloaded before import = 0Number of asset objects unloaded after import = 0

========================================================================
Received Import Request.
  Time since last request: 46.968501 seconds.
  path: Assets/Sprites/craftpix-net-211148-free-fantasy-chibi-female-sprites-pixel-art/Knight/New Animator Controller.controller
  artifactKey: Guid(6c0593c196ced6e449b24b57e5fba8f0) Importer(815301076,1909f56bfc062723c751e8b465ee728b)
Start importing Assets/Sprites/craftpix-net-211148-free-fantasy-chibi-female-sprites-pixel-art/Knight/New Animator Controller.controller using Guid(6c0593c196ced6e449b24b57e5fba8f0) Importer(815301076,1909f56bfc062723c751e8b465ee728b) (PreviewImporter) -> (artifact id: '9e87ecf23e1556ad393dee90cc465796') in 0.0041703 seconds
Number of updated asset objects reloaded before import = 0Number of asset objects unloaded after import = 1

========================================================================
Received Import Request.
  Time since last request: 7.325722 seconds.
  path: Assets/Sprites/craftpix-net-211148-free-fantasy-chibi-female-sprites-pixel-art/Knight/Anims.controller
  artifactKey: Guid(6c0593c196ced6e449b24b57e5fba8f0) Importer(815301076,1909f56bfc062723c751e8b465ee728b)
Start importing Assets/Sprites/craftpix-net-211148-free-fantasy-chibi-female-sprites-pixel-art/Knight/Anims.controller using Guid(6c0593c196ced6e449b24b57e5fba8f0) Importer(815301076,1909f56bfc062723c751e8b465ee728b) (PreviewImporter) -> (artifact id: '0d0b83cbb45f1cf0d94ac6a9bf5d54d2') in 0.0020968 seconds
Number of updated asset objects reloaded before import = 0Number of asset objects unloaded after import = 2

========================================================================
Received Import Request.
  Time since last request: 18.766813 seconds.
  path: Assets/Sprites/craftpix-net-211148-free-fantasy-chibi-female-sprites-pixel-art/Knight/KnightCardController.controller
  artifactKey: Guid(6c0593c196ced6e449b24b57e5fba8f0) Importer(815301076,1909f56bfc062723c751e8b465ee728b)
Start importing Assets/Sprites/craftpix-net-211148-free-fantasy-chibi-female-sprites-pixel-art/Knight/KnightCardController.controller using Guid(6c0593c196ced6e449b24b57e5fba8f0) Importer(815301076,1909f56bfc062723c751e8b465ee728b) (PreviewImporter) -> (artifact id: '190682e8c7f49aef37c7a6b855ab9f75') in 0.0015836 seconds
Number of updated asset objects reloaded before import = 0Number of asset objects unloaded after import = 2

========================================================================
Received Import Request.
  Time since last request: 127.428320 seconds.
  path: Assets/Sprites/craftpix-net-211148-free-fantasy-chibi-female-sprites-pixel-art/Knight/Idle_0.controller
  artifactKey: Guid(952d219b43aa49f46b452676ec5ce978) Importer(815301076,1909f56bfc062723c751e8b465ee728b)
Start importing Assets/Sprites/craftpix-net-211148-free-fantasy-chibi-female-sprites-pixel-art/Knight/Idle_0.controller using Guid(952d219b43aa49f46b452676ec5ce978) Importer(815301076,1909f56bfc062723c751e8b465ee728b) (PreviewImporter) -> (artifact id: '2e2969b1f9bdc9b530dd8b17696781b2') in 0.0019701 seconds
Number of updated asset objects reloaded before import = 0Number of asset objects unloaded after import = 1

========================================================================
Received Prepare
Begin MonoManager ReloadAssembly
- Loaded All Assemblies, in  1.067 seconds
Refreshing native plugins compatible for Editor in 5.61 ms, found 4 plugins.
Native extension for WindowsStandalone target not found
Native extension for WebGL target not found
Mono: successfully reloaded assembly
- Finished resetting the current domain, in  1.293 seconds
Domain Reload Profiling: 2361ms
	BeginReloadAssembly (355ms)
		ExecutionOrderSort (0ms)
		DisableScriptedObjects (30ms)
		BackupInstance (0ms)
		ReleaseScriptingObjects (1ms)
		CreateAndSetChildDomain (116ms)
	RebuildCommonClasses (33ms)
	RebuildNativeTypeToScriptingClass (12ms)
	initialDomainReloadingComplete (37ms)
	LoadAllAssembliesAndSetupDomain (629ms)
		LoadAssemblies (521ms)
		RebuildTransferFunctionScriptingTraits (0ms)
		AnalyzeDomain (235ms)
			TypeCache.Refresh (9ms)
				TypeCache.ScanAssembly (0ms)
			BuildScriptInfoCaches (208ms)
			ResolveRequiredComponents (12ms)
	FinalizeReload (1294ms)
		ReleaseScriptCaches (0ms)
		RebuildScriptCaches (0ms)
		SetupLoadedEditorAssemblies (1083ms)
			LogAssemblyErrors (0ms)
			InitializePlatformSupportModulesInManaged (3ms)
			SetLoadedEditorAssemblies (9ms)
			BeforeProcessingInitializeOnLoad (203ms)
			ProcessInitializeOnLoadAttributes (711ms)
			ProcessInitializeOnLoadMethodAttributes (130ms)
			AfterProcessingInitializeOnLoad (26ms)
			EditorAssembliesLoaded (1ms)
		ExecutionOrderSort2 (0ms)
		AwakeInstancesAfterBackupRestoration (32ms)
Refreshing native plugins compatible for Editor in 4.25 ms, found 4 plugins.
Preloading 0 native plugins for Editor in 0.00 ms.
Unloading 36 Unused Serialized files (Serialized files now loaded: 0)
Unloading 7203 unused Assets / (5.5 MB). Loaded Objects now: 8222.
Memory consumption went from 157.3 MB to 151.8 MB.
Total: 15.105400 ms (FindLiveObjects: 1.704700 ms CreateObjectMapping: 0.473100 ms MarkObjects: 9.173800 ms  DeleteObjects: 3.750600 ms)

Prepare: number of updated asset objects reloaded= 0
========================================================================
Received Prepare
Begin MonoManager ReloadAssembly
- Loaded All Assemblies, in  0.826 seconds
Refreshing native plugins compatible for Editor in 2.22 ms, found 4 plugins.
Native extension for WindowsStandalone target not found
Native extension for WebGL target not found
Mono: successfully reloaded assembly
- Finished resetting the current domain, in  0.924 seconds
Domain Reload Profiling: 1748ms
	BeginReloadAssembly (241ms)
		ExecutionOrderSort (0ms)
		DisableScriptedObjects (16ms)
		BackupInstance (0ms)
		ReleaseScriptingObjects (0ms)
		CreateAndSetChildDomain (55ms)
	RebuildCommonClasses (36ms)
	RebuildNativeTypeToScriptingClass (13ms)
	initialDomainReloadingComplete (36ms)
	LoadAllAssembliesAndSetupDomain (499ms)
		LoadAssemblies (409ms)
		RebuildTransferFunctionScriptingTraits (0ms)
		AnalyzeDomain (201ms)
			TypeCache.Refresh (9ms)
				TypeCache.ScanAssembly (0ms)
			BuildScriptInfoCaches (173ms)
			ResolveRequiredComponents (14ms)
	FinalizeReload (924ms)
		ReleaseScriptCaches (0ms)
		RebuildScriptCaches (0ms)
		SetupLoadedEditorAssemblies (769ms)
			LogAssemblyErrors (0ms)
			InitializePlatformSupportModulesInManaged (3ms)
			SetLoadedEditorAssemblies (6ms)
			BeforeProcessingInitializeOnLoad (141ms)
			ProcessInitializeOnLoadAttributes (525ms)
			ProcessInitializeOnLoadMethodAttributes (88ms)
			AfterProcessingInitializeOnLoad (6ms)
			EditorAssembliesLoaded (0ms)
		ExecutionOrderSort2 (0ms)
		AwakeInstancesAfterBackupRestoration (16ms)
Refreshing native plugins compatible for Editor in 2.04 ms, found 4 plugins.
Preloading 0 native plugins for Editor in 0.00 ms.
Unloading 36 Unused Serialized files (Serialized files now loaded: 0)
Unloading 7203 unused Assets / (7.2 MB). Loaded Objects now: 8225.
Memory consumption went from 159.5 MB to 152.3 MB.
Total: 9.400200 ms (FindLiveObjects: 0.693600 ms CreateObjectMapping: 0.406900 ms MarkObjects: 4.729300 ms  DeleteObjects: 3.567600 ms)

Prepare: number of updated asset objects reloaded= 0
========================================================================
Received Prepare
Begin MonoManager ReloadAssembly
- Loaded All Assemblies, in  0.735 seconds
Refreshing native plugins compatible for Editor in 2.09 ms, found 4 plugins.
Native extension for WindowsStandalone target not found
Native extension for WebGL target not found
Mono: successfully reloaded assembly
- Finished resetting the current domain, in  0.915 seconds
Domain Reload Profiling: 1652ms
	BeginReloadAssembly (210ms)
		ExecutionOrderSort (0ms)
		DisableScriptedObjects (16ms)
		BackupInstance (0ms)
		ReleaseScriptingObjects (0ms)
		CreateAndSetChildDomain (47ms)
	RebuildCommonClasses (30ms)
	RebuildNativeTypeToScriptingClass (11ms)
	initialDomainReloadingComplete (28ms)
	LoadAllAssembliesAndSetupDomain (456ms)
		LoadAssemblies (356ms)
		RebuildTransferFunctionScriptingTraits (0ms)
		AnalyzeDomain (188ms)
			TypeCache.Refresh (8ms)
				TypeCache.ScanAssembly (0ms)
			BuildScriptInfoCaches (167ms)
			ResolveRequiredComponents (10ms)
	FinalizeReload (916ms)
		ReleaseScriptCaches (0ms)
		RebuildScriptCaches (0ms)
		SetupLoadedEditorAssemblies (757ms)
			LogAssemblyErrors (0ms)
			InitializePlatformSupportModulesInManaged (2ms)
			SetLoadedEditorAssemblies (6ms)
			BeforeProcessingInitializeOnLoad (142ms)
			ProcessInitializeOnLoadAttributes (518ms)
			ProcessInitializeOnLoadMethodAttributes (79ms)
			AfterProcessingInitializeOnLoad (9ms)
			EditorAssembliesLoaded (0ms)
		ExecutionOrderSort2 (0ms)
		AwakeInstancesAfterBackupRestoration (18ms)
Refreshing native plugins compatible for Editor in 2.45 ms, found 4 plugins.
Preloading 0 native plugins for Editor in 0.00 ms.
Unloading 36 Unused Serialized files (Serialized files now loaded: 0)
Unloading 7203 unused Assets / (6.2 MB). Loaded Objects now: 8228.
Memory consumption went from 165.4 MB to 159.1 MB.
Total: 8.738500 ms (FindLiveObjects: 0.851600 ms CreateObjectMapping: 0.501800 ms MarkObjects: 4.610400 ms  DeleteObjects: 2.773900 ms)

Prepare: number of updated asset objects reloaded= 0
========================================================================
Received Prepare
Begin MonoManager ReloadAssembly
- Loaded All Assemblies, in  0.774 seconds
Refreshing native plugins compatible for Editor in 2.52 ms, found 4 plugins.
Native extension for WindowsStandalone target not found
Native extension for WebGL target not found
Mono: successfully reloaded assembly
- Finished resetting the current domain, in  1.069 seconds
Domain Reload Profiling: 1843ms
	BeginReloadAssembly (238ms)
		ExecutionOrderSort (0ms)
		DisableScriptedObjects (18ms)
		BackupInstance (0ms)
		ReleaseScriptingObjects (0ms)
		CreateAndSetChildDomain (57ms)
	RebuildCommonClasses (33ms)
	RebuildNativeTypeToScriptingClass (10ms)
	initialDomainReloadingComplete (29ms)
	LoadAllAssembliesAndSetupDomain (464ms)
		LoadAssemblies (367ms)
		RebuildTransferFunctionScriptingTraits (0ms)
		AnalyzeDomain (195ms)
			TypeCache.Refresh (7ms)
				TypeCache.ScanAssembly (0ms)
			BuildScriptInfoCaches (173ms)
			ResolveRequiredComponents (10ms)
	FinalizeReload (1070ms)
		ReleaseScriptCaches (0ms)
		RebuildScriptCaches (0ms)
		SetupLoadedEditorAssemblies (909ms)
			LogAssemblyErrors (0ms)
			InitializePlatformSupportModulesInManaged (3ms)
			SetLoadedEditorAssemblies (8ms)
			BeforeProcessingInitializeOnLoad (143ms)
			ProcessInitializeOnLoadAttributes (630ms)
			ProcessInitializeOnLoadMethodAttributes (113ms)
			AfterProcessingInitializeOnLoad (12ms)
			EditorAssembliesLoaded (0ms)
		ExecutionOrderSort2 (0ms)
		AwakeInstancesAfterBackupRestoration (19ms)
Refreshing native plugins compatible for Editor in 3.80 ms, found 4 plugins.
Preloading 0 native plugins for Editor in 0.00 ms.
Unloading 36 Unused Serialized files (Serialized files now loaded: 0)
Unloading 7203 unused Assets / (5.9 MB). Loaded Objects now: 8231.
Memory consumption went from 167.5 MB to 161.6 MB.
Total: 12.085100 ms (FindLiveObjects: 0.819300 ms CreateObjectMapping: 0.676800 ms MarkObjects: 6.476300 ms  DeleteObjects: 4.111000 ms)

Prepare: number of updated asset objects reloaded= 0
========================================================================
Received Import Request.
  Time since last request: 954.368900 seconds.
  path: Assets/Sprites/craftpix-net-211148-free-fantasy-chibi-female-sprites-pixel-art/Knight/Walk_0.controller
  artifactKey: Guid(1c644e31c164b0945956b596b31d8ce6) Importer(815301076,1909f56bfc062723c751e8b465ee728b)
Start importing Assets/Sprites/craftpix-net-211148-free-fantasy-chibi-female-sprites-pixel-art/Knight/Walk_0.controller using Guid(1c644e31c164b0945956b596b31d8ce6) Importer(815301076,1909f56bfc062723c751e8b465ee728b) (PreviewImporter) -> (artifact id: 'da520776895087f320e96fb985c5b5f9') in 0.025222 seconds
Number of updated asset objects reloaded before import = 0Number of asset objects unloaded after import = 1

========================================================================
Received Prepare
Begin MonoManager ReloadAssembly
- Loaded All Assemblies, in  0.793 seconds
Refreshing native plugins compatible for Editor in 3.62 ms, found 4 plugins.
Native extension for WindowsStandalone target not found
Native extension for WebGL target not found
Mono: successfully reloaded assembly
- Finished resetting the current domain, in  1.078 seconds
Domain Reload Profiling: 1870ms
	BeginReloadAssembly (234ms)
		ExecutionOrderSort (0ms)
		DisableScriptedObjects (18ms)
		BackupInstance (0ms)
		ReleaseScriptingObjects (0ms)
		CreateAndSetChildDomain (68ms)
	RebuildCommonClasses (32ms)
	RebuildNativeTypeToScriptingClass (12ms)
	initialDomainReloadingComplete (30ms)
	LoadAllAssembliesAndSetupDomain (484ms)
		LoadAssemblies (369ms)
		RebuildTransferFunctionScriptingTraits (0ms)
		AnalyzeDomain (204ms)
			TypeCache.Refresh (7ms)
				TypeCache.ScanAssembly (0ms)
			BuildScriptInfoCaches (180ms)
			ResolveRequiredComponents (13ms)
	FinalizeReload (1078ms)
		ReleaseScriptCaches (0ms)
		RebuildScriptCaches (0ms)
		SetupLoadedEditorAssemblies (909ms)
			LogAssemblyErrors (0ms)
			InitializePlatformSupportModulesInManaged (3ms)
			SetLoadedEditorAssemblies (9ms)
			BeforeProcessingInitializeOnLoad (153ms)
			ProcessInitializeOnLoadAttributes (625ms)
			ProcessInitializeOnLoadMethodAttributes (111ms)
			AfterProcessingInitializeOnLoad (8ms)
			EditorAssembliesLoaded (0ms)
		ExecutionOrderSort2 (0ms)
		AwakeInstancesAfterBackupRestoration (21ms)
Refreshing native plugins compatible for Editor in 3.62 ms, found 4 plugins.
Preloading 0 native plugins for Editor in 0.00 ms.
Unloading 36 Unused Serialized files (Serialized files now loaded: 0)
Unloading 7203 unused Assets / (6.5 MB). Loaded Objects now: 8234.
Memory consumption went from 161.4 MB to 154.9 MB.
Total: 12.755700 ms (FindLiveObjects: 1.235900 ms CreateObjectMapping: 0.473100 ms MarkObjects: 6.756400 ms  DeleteObjects: 4.288300 ms)

Prepare: number of updated asset objects reloaded= 0
========================================================================
Received Prepare
Begin MonoManager ReloadAssembly
- Loaded All Assemblies, in  0.780 seconds
Refreshing native plugins compatible for Editor in 3.45 ms, found 4 plugins.
Native extension for WindowsStandalone target not found
Native extension for WebGL target not found
Mono: successfully reloaded assembly
- Finished resetting the current domain, in  0.942 seconds
Domain Reload Profiling: 1722ms
	BeginReloadAssembly (225ms)
		ExecutionOrderSort (0ms)
		DisableScriptedObjects (14ms)
		BackupInstance (0ms)
		ReleaseScriptingObjects (0ms)
		CreateAndSetChildDomain (50ms)
	RebuildCommonClasses (39ms)
	RebuildNativeTypeToScriptingClass (14ms)
	initialDomainReloadingComplete (33ms)
	LoadAllAssembliesAndSetupDomain (468ms)
		LoadAssemblies (375ms)
		RebuildTransferFunctionScriptingTraits (0ms)
		AnalyzeDomain (194ms)
			TypeCache.Refresh (7ms)
				TypeCache.ScanAssembly (0ms)
			BuildScriptInfoCaches (171ms)
			ResolveRequiredComponents (12ms)
	FinalizeReload (943ms)
		ReleaseScriptCaches (0ms)
		RebuildScriptCaches (0ms)
		SetupLoadedEditorAssemblies (798ms)
			LogAssemblyErrors (0ms)
			InitializePlatformSupportModulesInManaged (2ms)
			SetLoadedEditorAssemblies (9ms)
			BeforeProcessingInitializeOnLoad (140ms)
			ProcessInitializeOnLoadAttributes (566ms)
			ProcessInitializeOnLoadMethodAttributes (75ms)
			AfterProcessingInitializeOnLoad (5ms)
			EditorAssembliesLoaded (0ms)
		ExecutionOrderSort2 (0ms)
		AwakeInstancesAfterBackupRestoration (12ms)
Refreshing native plugins compatible for Editor in 3.64 ms, found 4 plugins.
Preloading 0 native plugins for Editor in 0.00 ms.
Unloading 36 Unused Serialized files (Serialized files now loaded: 0)
Unloading 7203 unused Assets / (7.1 MB). Loaded Objects now: 8237.
Memory consumption went from 163.5 MB to 156.4 MB.
Total: 15.812600 ms (FindLiveObjects: 0.754800 ms CreateObjectMapping: 0.636400 ms MarkObjects: 9.257700 ms  DeleteObjects: 5.161600 ms)

Prepare: number of updated asset objects reloaded= 0
========================================================================
Received Prepare
Begin MonoManager ReloadAssembly
- Loaded All Assemblies, in  0.761 seconds
Refreshing native plugins compatible for Editor in 2.60 ms, found 4 plugins.
Native extension for WindowsStandalone target not found
Native extension for WebGL target not found
Mono: successfully reloaded assembly
- Finished resetting the current domain, in  1.104 seconds
Domain Reload Profiling: 1866ms
	BeginReloadAssembly (216ms)
		ExecutionOrderSort (0ms)
		DisableScriptedObjects (16ms)
		BackupInstance (0ms)
		ReleaseScriptingObjects (0ms)
		CreateAndSetChildDomain (51ms)
	RebuildCommonClasses (33ms)
	RebuildNativeTypeToScriptingClass (12ms)
	initialDomainReloadingComplete (30ms)
	LoadAllAssembliesAndSetupDomain (471ms)
		LoadAssemblies (360ms)
		RebuildTransferFunctionScriptingTraits (0ms)
		AnalyzeDomain (202ms)
			TypeCache.Refresh (6ms)
				TypeCache.ScanAssembly (0ms)
			BuildScriptInfoCaches (177ms)
			ResolveRequiredComponents (15ms)
	FinalizeReload (1105ms)
		ReleaseScriptCaches (0ms)
		RebuildScriptCaches (0ms)
		SetupLoadedEditorAssemblies (937ms)
			LogAssemblyErrors (0ms)
			InitializePlatformSupportModulesInManaged (3ms)
			SetLoadedEditorAssemblies (7ms)
			BeforeProcessingInitializeOnLoad (157ms)
			ProcessInitializeOnLoadAttributes (650ms)
			ProcessInitializeOnLoadMethodAttributes (109ms)
			AfterProcessingInitializeOnLoad (10ms)
			EditorAssembliesLoaded (0ms)
		ExecutionOrderSort2 (0ms)
		AwakeInstancesAfterBackupRestoration (18ms)
Refreshing native plugins compatible for Editor in 4.56 ms, found 4 plugins.
Preloading 0 native plugins for Editor in 0.00 ms.
Unloading 36 Unused Serialized files (Serialized files now loaded: 0)
Unloading 7203 unused Assets / (7.0 MB). Loaded Objects now: 8240.
Memory consumption went from 165.6 MB to 158.5 MB.
Total: 12.583600 ms (FindLiveObjects: 0.988900 ms CreateObjectMapping: 0.466200 ms MarkObjects: 6.767700 ms  DeleteObjects: 4.358800 ms)

Prepare: number of updated asset objects reloaded= 0
========================================================================
Received Prepare
Begin MonoManager ReloadAssembly
- Loaded All Assemblies, in  0.792 seconds
Refreshing native plugins compatible for Editor in 2.52 ms, found 4 plugins.
Native extension for WindowsStandalone target not found
Native extension for WebGL target not found
Mono: successfully reloaded assembly
- Finished resetting the current domain, in  1.106 seconds
Domain Reload Profiling: 1899ms
	BeginReloadAssembly (222ms)
		ExecutionOrderSort (0ms)
		DisableScriptedObjects (17ms)
		BackupInstance (0ms)
		ReleaseScriptingObjects (0ms)
		CreateAndSetChildDomain (49ms)
	RebuildCommonClasses (36ms)
	RebuildNativeTypeToScriptingClass (12ms)
	initialDomainReloadingComplete (30ms)
	LoadAllAssembliesAndSetupDomain (493ms)
		LoadAssemblies (373ms)
		RebuildTransferFunctionScriptingTraits (0ms)
		AnalyzeDomain (214ms)
			TypeCache.Refresh (8ms)
				TypeCache.ScanAssembly (0ms)
			BuildScriptInfoCaches (189ms)
			ResolveRequiredComponents (12ms)
	FinalizeReload (1107ms)
		ReleaseScriptCaches (0ms)
		RebuildScriptCaches (0ms)
		SetupLoadedEditorAssemblies (935ms)
			LogAssemblyErrors (0ms)
			InitializePlatformSupportModulesInManaged (3ms)
			SetLoadedEditorAssemblies (7ms)
			BeforeProcessingInitializeOnLoad (157ms)
			ProcessInitializeOnLoadAttributes (649ms)
			ProcessInitializeOnLoadMethodAttributes (107ms)
			AfterProcessingInitializeOnLoad (12ms)
			EditorAssembliesLoaded (0ms)
		ExecutionOrderSort2 (0ms)
		AwakeInstancesAfterBackupRestoration (20ms)
Refreshing native plugins compatible for Editor in 5.21 ms, found 4 plugins.
Preloading 0 native plugins for Editor in 0.00 ms.
Unloading 36 Unused Serialized files (Serialized files now loaded: 0)
Unloading 7203 unused Assets / (5.7 MB). Loaded Objects now: 8243.
Memory consumption went from 167.7 MB to 161.9 MB.
Total: 13.377800 ms (FindLiveObjects: 1.076100 ms CreateObjectMapping: 0.553300 ms MarkObjects: 7.512700 ms  DeleteObjects: 4.234100 ms)

Prepare: number of updated asset objects reloaded= 0
========================================================================
Received Prepare
Begin MonoManager ReloadAssembly
- Loaded All Assemblies, in  0.772 seconds
Refreshing native plugins compatible for Editor in 3.00 ms, found 4 plugins.
Native extension for WindowsStandalone target not found
Native extension for WebGL target not found
Mono: successfully reloaded assembly
- Finished resetting the current domain, in  1.064 seconds
Domain Reload Profiling: 1837ms
	BeginReloadAssembly (218ms)
		ExecutionOrderSort (0ms)
		DisableScriptedObjects (14ms)
		BackupInstance (0ms)
		ReleaseScriptingObjects (0ms)
		CreateAndSetChildDomain (50ms)
	RebuildCommonClasses (36ms)
	RebuildNativeTypeToScriptingClass (12ms)
	initialDomainReloadingComplete (30ms)
	LoadAllAssembliesAndSetupDomain (477ms)
		LoadAssemblies (364ms)
		RebuildTransferFunctionScriptingTraits (0ms)
		AnalyzeDomain (205ms)
			TypeCache.Refresh (8ms)
				TypeCache.ScanAssembly (0ms)
			BuildScriptInfoCaches (182ms)
			ResolveRequiredComponents (11ms)
	FinalizeReload (1065ms)
		ReleaseScriptCaches (0ms)
		RebuildScriptCaches (0ms)
		SetupLoadedEditorAssemblies (898ms)
			LogAssemblyErrors (0ms)
			InitializePlatformSupportModulesInManaged (3ms)
			SetLoadedEditorAssemblies (7ms)
			BeforeProcessingInitializeOnLoad (142ms)
			ProcessInitializeOnLoadAttributes (625ms)
			ProcessInitializeOnLoadMethodAttributes (111ms)
			AfterProcessingInitializeOnLoad (10ms)
			EditorAssembliesLoaded (1ms)
		ExecutionOrderSort2 (0ms)
		AwakeInstancesAfterBackupRestoration (20ms)
Refreshing native plugins compatible for Editor in 3.76 ms, found 4 plugins.
Preloading 0 native plugins for Editor in 0.00 ms.
Unloading 36 Unused Serialized files (Serialized files now loaded: 0)
Unloading 7203 unused Assets / (6.9 MB). Loaded Objects now: 8246.
Memory consumption went from 169.8 MB to 162.9 MB.
Total: 12.533000 ms (FindLiveObjects: 0.834700 ms CreateObjectMapping: 0.400300 ms MarkObjects: 6.670700 ms  DeleteObjects: 4.625400 ms)

Prepare: number of updated asset objects reloaded= 0
========================================================================
Received Prepare
Begin MonoManager ReloadAssembly
- Loaded All Assemblies, in  0.764 seconds
Refreshing native plugins compatible for Editor in 2.78 ms, found 4 plugins.
Native extension for WindowsStandalone target not found
Native extension for WebGL target not found
Mono: successfully reloaded assembly
- Finished resetting the current domain, in  0.976 seconds
Domain Reload Profiling: 1741ms
	BeginReloadAssembly (216ms)
		ExecutionOrderSort (0ms)
		DisableScriptedObjects (15ms)
		BackupInstance (0ms)
		ReleaseScriptingObjects (0ms)
		CreateAndSetChildDomain (53ms)
	RebuildCommonClasses (30ms)
	RebuildNativeTypeToScriptingClass (11ms)
	initialDomainReloadingComplete (30ms)
	LoadAllAssembliesAndSetupDomain (478ms)
		LoadAssemblies (360ms)
		RebuildTransferFunctionScriptingTraits (0ms)
		AnalyzeDomain (206ms)
			TypeCache.Refresh (7ms)
				TypeCache.ScanAssembly (0ms)
			BuildScriptInfoCaches (182ms)
			ResolveRequiredComponents (12ms)
	FinalizeReload (977ms)
		ReleaseScriptCaches (0ms)
		RebuildScriptCaches (0ms)
		SetupLoadedEditorAssemblies (816ms)
			LogAssemblyErrors (0ms)
			InitializePlatformSupportModulesInManaged (3ms)
			SetLoadedEditorAssemblies (7ms)
			BeforeProcessingInitializeOnLoad (142ms)
			ProcessInitializeOnLoadAttributes (560ms)
			ProcessInitializeOnLoadMethodAttributes (93ms)
			AfterProcessingInitializeOnLoad (11ms)
			EditorAssembliesLoaded (1ms)
		ExecutionOrderSort2 (0ms)
		AwakeInstancesAfterBackupRestoration (19ms)
Refreshing native plugins compatible for Editor in 3.12 ms, found 4 plugins.
Preloading 0 native plugins for Editor in 0.00 ms.
Unloading 36 Unused Serialized files (Serialized files now loaded: 0)
Unloading 7203 unused Assets / (6.7 MB). Loaded Objects now: 8249.
Memory consumption went from 172.0 MB to 165.3 MB.
Total: 11.198600 ms (FindLiveObjects: 0.737400 ms CreateObjectMapping: 0.473900 ms MarkObjects: 6.156800 ms  DeleteObjects: 3.828000 ms)

Prepare: number of updated asset objects reloaded= 0
========================================================================
Received Prepare
Begin MonoManager ReloadAssembly
- Loaded All Assemblies, in  0.784 seconds
Refreshing native plugins compatible for Editor in 2.36 ms, found 4 plugins.
Native extension for WindowsStandalone target not found
Native extension for WebGL target not found
Mono: successfully reloaded assembly
- Finished resetting the current domain, in  1.031 seconds
Domain Reload Profiling: 1816ms
	BeginReloadAssembly (237ms)
		ExecutionOrderSort (0ms)
		DisableScriptedObjects (17ms)
		BackupInstance (0ms)
		ReleaseScriptingObjects (0ms)
		CreateAndSetChildDomain (57ms)
	RebuildCommonClasses (33ms)
	RebuildNativeTypeToScriptingClass (14ms)
	initialDomainReloadingComplete (28ms)
	LoadAllAssembliesAndSetupDomain (473ms)
		LoadAssemblies (380ms)
		RebuildTransferFunctionScriptingTraits (0ms)
		AnalyzeDomain (194ms)
			TypeCache.Refresh (6ms)
				TypeCache.ScanAssembly (0ms)
			BuildScriptInfoCaches (172ms)
			ResolveRequiredComponents (12ms)
	FinalizeReload (1032ms)
		ReleaseScriptCaches (0ms)
		RebuildScriptCaches (0ms)
		SetupLoadedEditorAssemblies (859ms)
			LogAssemblyErrors (0ms)
			InitializePlatformSupportModulesInManaged (2ms)
			SetLoadedEditorAssemblies (7ms)
			BeforeProcessingInitializeOnLoad (140ms)
			ProcessInitializeOnLoadAttributes (600ms)
			ProcessInitializeOnLoadMethodAttributes (100ms)
			AfterProcessingInitializeOnLoad (8ms)
			EditorAssembliesLoaded (1ms)
		ExecutionOrderSort2 (0ms)
		AwakeInstancesAfterBackupRestoration (23ms)
Refreshing native plugins compatible for Editor in 3.09 ms, found 4 plugins.
Preloading 0 native plugins for Editor in 0.00 ms.
Unloading 36 Unused Serialized files (Serialized files now loaded: 0)
Unloading 7203 unused Assets / (6.7 MB). Loaded Objects now: 8252.
Memory consumption went from 174.1 MB to 167.4 MB.
Total: 13.061200 ms (FindLiveObjects: 0.789700 ms CreateObjectMapping: 0.738800 ms MarkObjects: 7.353300 ms  DeleteObjects: 4.176900 ms)

Prepare: number of updated asset objects reloaded= 0
========================================================================
Received Prepare
Begin MonoManager ReloadAssembly
- Loaded All Assemblies, in  0.774 seconds
Refreshing native plugins compatible for Editor in 2.75 ms, found 4 plugins.
Native extension for WindowsStandalone target not found
Native extension for WebGL target not found
Mono: successfully reloaded assembly
- Finished resetting the current domain, in  1.054 seconds
Domain Reload Profiling: 1829ms
	BeginReloadAssembly (227ms)
		ExecutionOrderSort (0ms)
		DisableScriptedObjects (18ms)
		BackupInstance (0ms)
		ReleaseScriptingObjects (0ms)
		CreateAndSetChildDomain (55ms)
	RebuildCommonClasses (33ms)
	RebuildNativeTypeToScriptingClass (12ms)
	initialDomainReloadingComplete (30ms)
	LoadAllAssembliesAndSetupDomain (473ms)
		LoadAssemblies (368ms)
		RebuildTransferFunctionScriptingTraits (0ms)
		AnalyzeDomain (198ms)
			TypeCache.Refresh (7ms)
				TypeCache.ScanAssembly (0ms)
			BuildScriptInfoCaches (176ms)
			ResolveRequiredComponents (10ms)
	FinalizeReload (1055ms)
		ReleaseScriptCaches (0ms)
		RebuildScriptCaches (0ms)
		SetupLoadedEditorAssemblies (886ms)
			LogAssemblyErrors (0ms)
			InitializePlatformSupportModulesInManaged (3ms)
			SetLoadedEditorAssemblies (6ms)
			BeforeProcessingInitializeOnLoad (148ms)
			ProcessInitializeOnLoadAttributes (612ms)
			ProcessInitializeOnLoadMethodAttributes (106ms)
			AfterProcessingInitializeOnLoad (10ms)
			EditorAssembliesLoaded (0ms)
		ExecutionOrderSort2 (0ms)
		AwakeInstancesAfterBackupRestoration (19ms)
Refreshing native plugins compatible for Editor in 3.74 ms, found 4 plugins.
Preloading 0 native plugins for Editor in 0.00 ms.
Unloading 36 Unused Serialized files (Serialized files now loaded: 0)
Unloading 7203 unused Assets / (6.0 MB). Loaded Objects now: 8255.
Memory consumption went from 176.2 MB to 170.2 MB.
Total: 12.125700 ms (FindLiveObjects: 0.755700 ms CreateObjectMapping: 0.780200 ms MarkObjects: 6.580500 ms  DeleteObjects: 4.007300 ms)

Prepare: number of updated asset objects reloaded= 0
========================================================================
Received Prepare
Refreshing native plugins compatible for Editor in 2.48 ms, found 4 plugins.
Preloading 0 native plugins for Editor in 0.00 ms.
Unloading 36 Unused Serialized files (Serialized files now loaded: 0)
Unloading 7192 unused Assets / (6.4 MB). Loaded Objects now: 8256.
Memory consumption went from 178.4 MB to 172.1 MB.
Total: 11.713400 ms (FindLiveObjects: 0.686300 ms CreateObjectMapping: 0.422200 ms MarkObjects: 7.243300 ms  DeleteObjects: 3.359700 ms)

Prepare: number of updated asset objects reloaded= 0
========================================================================
Received Prepare
Begin MonoManager ReloadAssembly
- Loaded All Assemblies, in  0.775 seconds
Refreshing native plugins compatible for Editor in 3.47 ms, found 4 plugins.
Native extension for WindowsStandalone target not found
Native extension for WebGL target not found
Mono: successfully reloaded assembly
- Finished resetting the current domain, in  0.813 seconds
Domain Reload Profiling: 1587ms
	BeginReloadAssembly (219ms)
		ExecutionOrderSort (0ms)
		DisableScriptedObjects (14ms)
		BackupInstance (0ms)
		ReleaseScriptingObjects (0ms)
		CreateAndSetChildDomain (50ms)
	RebuildCommonClasses (28ms)
	RebuildNativeTypeToScriptingClass (11ms)
	initialDomainReloadingComplete (30ms)
	LoadAllAssembliesAndSetupDomain (485ms)
		LoadAssemblies (374ms)
		RebuildTransferFunctionScriptingTraits (0ms)
		AnalyzeDomain (209ms)
			TypeCache.Refresh (23ms)
				TypeCache.ScanAssembly (0ms)
			BuildScriptInfoCaches (170ms)
			ResolveRequiredComponents (12ms)
	FinalizeReload (813ms)
		ReleaseScriptCaches (0ms)
		RebuildScriptCaches (0ms)
		SetupLoadedEditorAssemblies (660ms)
			LogAssemblyErrors (0ms)
			InitializePlatformSupportModulesInManaged (2ms)
			SetLoadedEditorAssemblies (7ms)
			BeforeProcessingInitializeOnLoad (129ms)
			ProcessInitializeOnLoadAttributes (445ms)
			ProcessInitializeOnLoadMethodAttributes (70ms)
			AfterProcessingInitializeOnLoad (5ms)
			EditorAssembliesLoaded (0ms)
		ExecutionOrderSort2 (0ms)
		AwakeInstancesAfterBackupRestoration (12ms)
Refreshing native plugins compatible for Editor in 2.25 ms, found 4 plugins.
Preloading 0 native plugins for Editor in 0.00 ms.
Unloading 36 Unused Serialized files (Serialized files now loaded: 0)
Unloading 7204 unused Assets / (6.7 MB). Loaded Objects now: 8259.
Memory consumption went from 180.3 MB to 173.6 MB.
Total: 10.053800 ms (FindLiveObjects: 0.703500 ms CreateObjectMapping: 0.449500 ms MarkObjects: 4.886300 ms  DeleteObjects: 4.013600 ms)

Prepare: number of updated asset objects reloaded= 0
========================================================================
Received Import Request.
  Time since last request: 887.183538 seconds.
  path: Assets/CardHoverEvents.cs
  artifactKey: Guid(cc19f9885c6f5cf4d9f48fba2f686d06) Importer(815301076,1909f56bfc062723c751e8b465ee728b)
Start importing Assets/CardHoverEvents.cs using Guid(cc19f9885c6f5cf4d9f48fba2f686d06) Importer(815301076,1909f56bfc062723c751e8b465ee728b) (PreviewImporter) -> (artifact id: 'ec8a2016e43d1dd42871acabd5c66338') in 0.0033347 seconds
Number of updated asset objects reloaded before import = 0Number of asset objects unloaded after import = 0

========================================================================
Received Prepare
Begin MonoManager ReloadAssembly
- Loaded All Assemblies, in  0.805 seconds
Refreshing native plugins compatible for Editor in 3.58 ms, found 4 plugins.
Native extension for WindowsStandalone target not found
Native extension for WebGL target not found
Mono: successfully reloaded assembly
- Finished resetting the current domain, in  0.910 seconds
Domain Reload Profiling: 1715ms
	BeginReloadAssembly (240ms)
		ExecutionOrderSort (0ms)
		DisableScriptedObjects (16ms)
		BackupInstance (0ms)
		ReleaseScriptingObjects (0ms)
		CreateAndSetChildDomain (59ms)
	RebuildCommonClasses (37ms)
	RebuildNativeTypeToScriptingClass (13ms)
	initialDomainReloadingComplete (32ms)
	LoadAllAssembliesAndSetupDomain (483ms)
		LoadAssemblies (390ms)
		RebuildTransferFunctionScriptingTraits (0ms)
		AnalyzeDomain (191ms)
			TypeCache.Refresh (9ms)
				TypeCache.ScanAssembly (0ms)
			BuildScriptInfoCaches (167ms)
			ResolveRequiredComponents (11ms)
	FinalizeReload (911ms)
		ReleaseScriptCaches (0ms)
		RebuildScriptCaches (0ms)
		SetupLoadedEditorAssemblies (758ms)
			LogAssemblyErrors (0ms)
			InitializePlatformSupportModulesInManaged (2ms)
			SetLoadedEditorAssemblies (7ms)
			BeforeProcessingInitializeOnLoad (145ms)
			ProcessInitializeOnLoadAttributes (526ms)
			ProcessInitializeOnLoadMethodAttributes (73ms)
			AfterProcessingInitializeOnLoad (5ms)
			EditorAssembliesLoaded (0ms)
		ExecutionOrderSort2 (0ms)
		AwakeInstancesAfterBackupRestoration (12ms)
Refreshing native plugins compatible for Editor in 2.66 ms, found 4 plugins.
Preloading 0 native plugins for Editor in 0.00 ms.
Unloading 36 Unused Serialized files (Serialized files now loaded: 0)
Unloading 7204 unused Assets / (5.4 MB). Loaded Objects now: 8262.
Memory consumption went from 161.9 MB to 156.6 MB.
Total: 11.792800 ms (FindLiveObjects: 0.785400 ms CreateObjectMapping: 0.373700 ms MarkObjects: 7.607800 ms  DeleteObjects: 3.024400 ms)

Prepare: number of updated asset objects reloaded= 0
========================================================================
Received Prepare
Begin MonoManager ReloadAssembly
- Loaded All Assemblies, in  0.769 seconds
Refreshing native plugins compatible for Editor in 2.25 ms, found 4 plugins.
Native extension for WindowsStandalone target not found
Native extension for WebGL target not found
Mono: successfully reloaded assembly
- Finished resetting the current domain, in  0.986 seconds
Domain Reload Profiling: 1755ms
	BeginReloadAssembly (212ms)
		ExecutionOrderSort (0ms)
		DisableScriptedObjects (13ms)
		BackupInstance (0ms)
		ReleaseScriptingObjects (0ms)
		CreateAndSetChildDomain (43ms)
	RebuildCommonClasses (35ms)
	RebuildNativeTypeToScriptingClass (11ms)
	initialDomainReloadingComplete (31ms)
	LoadAllAssembliesAndSetupDomain (479ms)
		LoadAssemblies (367ms)
		RebuildTransferFunctionScriptingTraits (0ms)
		AnalyzeDomain (207ms)
			TypeCache.Refresh (6ms)
				TypeCache.ScanAssembly (0ms)
			BuildScriptInfoCaches (182ms)
			ResolveRequiredComponents (14ms)
	FinalizeReload (986ms)
		ReleaseScriptCaches (0ms)
		RebuildScriptCaches (0ms)
		SetupLoadedEditorAssemblies (821ms)
			LogAssemblyErrors (0ms)
			InitializePlatformSupportModulesInManaged (2ms)
			SetLoadedEditorAssemblies (6ms)
			BeforeProcessingInitializeOnLoad (148ms)
			ProcessInitializeOnLoadAttributes (543ms)
			ProcessInitializeOnLoadMethodAttributes (109ms)
			AfterProcessingInitializeOnLoad (11ms)
			EditorAssembliesLoaded (1ms)
		ExecutionOrderSort2 (0ms)
		AwakeInstancesAfterBackupRestoration (23ms)
Refreshing native plugins compatible for Editor in 3.78 ms, found 4 plugins.
Preloading 0 native plugins for Editor in 0.00 ms.
Unloading 36 Unused Serialized files (Serialized files now loaded: 0)
Unloading 7204 unused Assets / (7.3 MB). Loaded Objects now: 8265.
Memory consumption went from 164.0 MB to 156.7 MB.
Total: 14.447300 ms (FindLiveObjects: 0.830200 ms CreateObjectMapping: 0.468300 ms MarkObjects: 7.840600 ms  DeleteObjects: 5.306100 ms)

Prepare: number of updated asset objects reloaded= 0
========================================================================
Received Prepare
Begin MonoManager ReloadAssembly
- Loaded All Assemblies, in  0.806 seconds
Refreshing native plugins compatible for Editor in 2.41 ms, found 4 plugins.
Native extension for WindowsStandalone target not found
Native extension for WebGL target not found
Mono: successfully reloaded assembly
- Finished resetting the current domain, in  0.999 seconds
Domain Reload Profiling: 1806ms
	BeginReloadAssembly (229ms)
		ExecutionOrderSort (0ms)
		DisableScriptedObjects (17ms)
		BackupInstance (0ms)
		ReleaseScriptingObjects (0ms)
		CreateAndSetChildDomain (53ms)
	RebuildCommonClasses (33ms)
	RebuildNativeTypeToScriptingClass (12ms)
	initialDomainReloadingComplete (30ms)
	LoadAllAssembliesAndSetupDomain (502ms)
		LoadAssemblies (396ms)
		RebuildTransferFunctionScriptingTraits (0ms)
		AnalyzeDomain (200ms)
			TypeCache.Refresh (7ms)
				TypeCache.ScanAssembly (0ms)
			BuildScriptInfoCaches (178ms)
			ResolveRequiredComponents (11ms)
	FinalizeReload (1000ms)
		ReleaseScriptCaches (0ms)
		RebuildScriptCaches (0ms)
		SetupLoadedEditorAssemblies (839ms)
			LogAssemblyErrors (0ms)
			InitializePlatformSupportModulesInManaged (3ms)
			SetLoadedEditorAssemblies (8ms)
			BeforeProcessingInitializeOnLoad (142ms)
			ProcessInitializeOnLoadAttributes (561ms)
			ProcessInitializeOnLoadMethodAttributes (115ms)
			AfterProcessingInitializeOnLoad (10ms)
			EditorAssembliesLoaded (1ms)
		ExecutionOrderSort2 (0ms)
		AwakeInstancesAfterBackupRestoration (19ms)
Refreshing native plugins compatible for Editor in 3.87 ms, found 4 plugins.
Preloading 0 native plugins for Editor in 0.00 ms.
Unloading 36 Unused Serialized files (Serialized files now loaded: 0)
Unloading 7204 unused Assets / (6.6 MB). Loaded Objects now: 8268.
Memory consumption went from 166.1 MB to 159.5 MB.
Total: 13.290900 ms (FindLiveObjects: 1.228200 ms CreateObjectMapping: 0.466400 ms MarkObjects: 7.015200 ms  DeleteObjects: 4.578700 ms)

Prepare: number of updated asset objects reloaded= 0
========================================================================
Received Import Request.
  Time since last request: 7880.417092 seconds.
  path: Assets/Sprites/craftpix-net-439247-free-fantasy-chibi-male-sprites-pixel-art/PSD/Wizard_spritelist.psd
  artifactKey: Guid(b0b2e0b41fb617a4e902d1a86ff79302) Importer(815301076,1909f56bfc062723c751e8b465ee728b)
Start importing Assets/Sprites/craftpix-net-439247-free-fantasy-chibi-male-sprites-pixel-art/PSD/Wizard_spritelist.psd using Guid(b0b2e0b41fb617a4e902d1a86ff79302) Importer(815301076,1909f56bfc062723c751e8b465ee728b) (PreviewImporter) -> (artifact id: '258f7c086b59f19a65432668f5f5c5b0') in 1.0662057 seconds
Number of updated asset objects reloaded before import = 0Number of asset objects unloaded after import = 83

========================================================================
Received Import Request.
  Time since last request: 2.915975 seconds.
  path: Assets/Sprites/craftpix-net-439247-free-fantasy-chibi-male-sprites-pixel-art/Swordsman/Walk.png
  artifactKey: Guid(165e61e077700484fa87baa220030cec) Importer(815301076,1909f56bfc062723c751e8b465ee728b)
Start importing Assets/Sprites/craftpix-net-439247-free-fantasy-chibi-male-sprites-pixel-art/Swordsman/Walk.png using Guid(165e61e077700484fa87baa220030cec) Importer(815301076,1909f56bfc062723c751e8b465ee728b) (PreviewImporter) -> (artifact id: '202f1597341e17bf7e2ce5e0d1988ff1') in 0.1675252 seconds
Number of updated asset objects reloaded before import = 0Number of asset objects unloaded after import = 10

========================================================================
Received Import Request.
  Time since last request: 0.000034 seconds.
  path: Assets/Sprites/craftpix-net-439247-free-fantasy-chibi-male-sprites-pixel-art/Wizard/Walk.png
  artifactKey: Guid(af9a864f8c63b31468c157a3e60b4390) Importer(815301076,1909f56bfc062723c751e8b465ee728b)
Start importing Assets/Sprites/craftpix-net-439247-free-fantasy-chibi-male-sprites-pixel-art/Wizard/Walk.png using Guid(af9a864f8c63b31468c157a3e60b4390) Importer(815301076,1909f56bfc062723c751e8b465ee728b) (PreviewImporter) -> (artifact id: '5d5678b2797afaaa5efd6d6c4e497288') in 0.0783185 seconds
Number of updated asset objects reloaded before import = 0Number of asset objects unloaded after import = 9

========================================================================
Received Import Request.
  Time since last request: 1.312423 seconds.
  path: Assets/Sprites/craftpix-net-439247-free-fantasy-chibi-male-sprites-pixel-art/Wizard/Jump.png
  artifactKey: Guid(d45f8d9ef9eb9564e8dcf587b319a59c) Importer(815301076,1909f56bfc062723c751e8b465ee728b)
Start importing Assets/Sprites/craftpix-net-439247-free-fantasy-chibi-male-sprites-pixel-art/Wizard/Jump.png using Guid(d45f8d9ef9eb9564e8dcf587b319a59c) Importer(815301076,1909f56bfc062723c751e8b465ee728b) (PreviewImporter) -> (artifact id: '311267db6dccae65bac00ab271004e1a') in 0.1077262 seconds
Number of updated asset objects reloaded before import = 0Number of asset objects unloaded after import = 13

========================================================================
Received Import Request.
  Time since last request: 0.000021 seconds.
  path: Assets/Sprites/craftpix-net-439247-free-fantasy-chibi-male-sprites-pixel-art/Archer/Jump.png
  artifactKey: Guid(0ff553dc295b9fc4b8c2004524ce8e68) Importer(815301076,1909f56bfc062723c751e8b465ee728b)
Start importing Assets/Sprites/craftpix-net-439247-free-fantasy-chibi-male-sprites-pixel-art/Archer/Jump.png using Guid(0ff553dc295b9fc4b8c2004524ce8e68) Importer(815301076,1909f56bfc062723c751e8b465ee728b) (PreviewImporter) -> (artifact id: 'f425f2291e42c6fae36679eb714710b4') in 0.0692862 seconds
Number of updated asset objects reloaded before import = 0Number of asset objects unloaded after import = 11

========================================================================
Received Import Request.
  Time since last request: 237.944778 seconds.
  path: Assets/Sprites/craftpix-net-439247-free-fantasy-chibi-male-sprites-pixel-art/PSD/Swordsman_spritelist.psd
  artifactKey: Guid(d3c6ca28c50058d47bc34247b7c80e7d) Importer(815301076,1909f56bfc062723c751e8b465ee728b)
Start importing Assets/Sprites/craftpix-net-439247-free-fantasy-chibi-male-sprites-pixel-art/PSD/Swordsman_spritelist.psd using Guid(d3c6ca28c50058d47bc34247b7c80e7d) Importer(815301076,1909f56bfc062723c751e8b465ee728b) (PreviewImporter) -> (artifact id: '95cadf7ba75f9928cf18431b5cc4d19f') in 0.4690038 seconds
Number of updated asset objects reloaded before import = 0Number of asset objects unloaded after import = 61

========================================================================
Received Import Request.
  Time since last request: 0.398123 seconds.
  path: Assets/Sprites/craftpix-net-439247-free-fantasy-chibi-male-sprites-pixel-art/Archer/Shot_2.png
  artifactKey: Guid(0fb551bf1a1bc654f93dde501a32ed6f) Importer(815301076,1909f56bfc062723c751e8b465ee728b)
Start importing Assets/Sprites/craftpix-net-439247-free-fantasy-chibi-male-sprites-pixel-art/Archer/Shot_2.png using Guid(0fb551bf1a1bc654f93dde501a32ed6f) Importer(815301076,1909f56bfc062723c751e8b465ee728b) (PreviewImporter) -> (artifact id: 'ad57b7a796500ca84d2b64ad3636a057') in 0.1983064 seconds
Number of updated asset objects reloaded before import = 0Number of asset objects unloaded after import = 15

========================================================================
Received Import Request.
  Time since last request: 0.100889 seconds.
  path: Assets/Sprites/craftpix-net-439247-free-fantasy-chibi-male-sprites-pixel-art/Wizard/Run.png
  artifactKey: Guid(397b0a6c6a0600743a318e26f1303318) Importer(815301076,1909f56bfc062723c751e8b465ee728b)
Start importing Assets/Sprites/craftpix-net-439247-free-fantasy-chibi-male-sprites-pixel-art/Wizard/Run.png using Guid(397b0a6c6a0600743a318e26f1303318) Importer(815301076,1909f56bfc062723c751e8b465ee728b) (PreviewImporter) -> (artifact id: 'c5b664bf2ea53085660f3863510c81f3') in 0.0707873 seconds
Number of updated asset objects reloaded before import = 0Number of asset objects unloaded after import = 10

========================================================================
Received Import Request.
  Time since last request: 0.000019 seconds.
  path: Assets/Sprites/craftpix-net-439247-free-fantasy-chibi-male-sprites-pixel-art/Swordsman/Run.png
  artifactKey: Guid(244c9b17ef3da104bb31d36a75a6eb4d) Importer(815301076,1909f56bfc062723c751e8b465ee728b)
Start importing Assets/Sprites/craftpix-net-439247-free-fantasy-chibi-male-sprites-pixel-art/Swordsman/Run.png using Guid(244c9b17ef3da104bb31d36a75a6eb4d) Importer(815301076,1909f56bfc062723c751e8b465ee728b) (PreviewImporter) -> (artifact id: '2614f705ec22bed4200cef30065d2443') in 0.0794555 seconds
Number of updated asset objects reloaded before import = 0Number of asset objects unloaded after import = 10

========================================================================
Received Import Request.
  Time since last request: 1.595585 seconds.
  path: Assets/Sprites/craftpix-net-439247-free-fantasy-chibi-male-sprites-pixel-art/Swordsman/Hurt.png
  artifactKey: Guid(61a0f123768d4514282c2e5354cbd1ed) Importer(815301076,1909f56bfc062723c751e8b465ee728b)
Start importing Assets/Sprites/craftpix-net-439247-free-fantasy-chibi-male-sprites-pixel-art/Swordsman/Hurt.png using Guid(61a0f123768d4514282c2e5354cbd1ed) Importer(815301076,1909f56bfc062723c751e8b465ee728b) (PreviewImporter) -> (artifact id: '00a00556f354600018c0d1e8caae7439') in 0.056408 seconds
Number of updated asset objects reloaded before import = 0Number of asset objects unloaded after import = 5

========================================================================
Received Import Request.
  Time since last request: 0.871128 seconds.
  path: Assets/Sprites/craftpix-net-439247-free-fantasy-chibi-male-sprites-pixel-art/Wizard/Dead.png
  artifactKey: Guid(35675f66b17db1c438e0c8864a88d030) Importer(815301076,1909f56bfc062723c751e8b465ee728b)
Start importing Assets/Sprites/craftpix-net-439247-free-fantasy-chibi-male-sprites-pixel-art/Wizard/Dead.png using Guid(35675f66b17db1c438e0c8864a88d030) Importer(815301076,1909f56bfc062723c751e8b465ee728b) (PreviewImporter) -> (artifact id: 'ca9e85fe7a54938f5d9dfc9a85aec8bd') in 0.0446231 seconds
Number of updated asset objects reloaded before import = 0Number of asset objects unloaded after import = 6

========================================================================
Received Import Request.
  Time since last request: 0.034780 seconds.
  path: Assets/Sprites/craftpix-net-439247-free-fantasy-chibi-male-sprites-pixel-art/Swordsman/Dead.png
  artifactKey: Guid(5e98c40248dde2849bd5fe1cea5e7536) Importer(815301076,1909f56bfc062723c751e8b465ee728b)
Start importing Assets/Sprites/craftpix-net-439247-free-fantasy-chibi-male-sprites-pixel-art/Swordsman/Dead.png using Guid(5e98c40248dde2849bd5fe1cea5e7536) Importer(815301076,1909f56bfc062723c751e8b465ee728b) (PreviewImporter) -> (artifact id: '98249e99922b3b85cbd57c1bc5e045c6') in 0.0428843 seconds
Number of updated asset objects reloaded before import = 0Number of asset objects unloaded after import = 5

========================================================================
Received Import Request.
  Time since last request: 0.184604 seconds.
  path: Assets/Sprites/craftpix-net-439247-free-fantasy-chibi-male-sprites-pixel-art/Wizard/Attack_3.png
  artifactKey: Guid(2931da1c17c01fe4986ce51d3ad0157d) Importer(815301076,1909f56bfc062723c751e8b465ee728b)
Start importing Assets/Sprites/craftpix-net-439247-free-fantasy-chibi-male-sprites-pixel-art/Wizard/Attack_3.png using Guid(2931da1c17c01fe4986ce51d3ad0157d) Importer(815301076,1909f56bfc062723c751e8b465ee728b) (PreviewImporter) -> (artifact id: '8927028a1a1e298e72cd24038c38ea46') in 0.0933151 seconds
Number of updated asset objects reloaded before import = 0Number of asset objects unloaded after import = 12

========================================================================
Received Import Request.
  Time since last request: 0.126614 seconds.
  path: Assets/Sprites/craftpix-net-439247-free-fantasy-chibi-male-sprites-pixel-art/Wizard/Attack_2.png
  artifactKey: Guid(417a911a7d1e73c40a2df314b3fb0a4e) Importer(815301076,1909f56bfc062723c751e8b465ee728b)
Start importing Assets/Sprites/craftpix-net-439247-free-fantasy-chibi-male-sprites-pixel-art/Wizard/Attack_2.png using Guid(417a911a7d1e73c40a2df314b3fb0a4e) Importer(815301076,1909f56bfc062723c751e8b465ee728b) (PreviewImporter) -> (artifact id: '206227769419e88bf928e750266c9f36') in 0.0770356 seconds
Number of updated asset objects reloaded before import = 0Number of asset objects unloaded after import = 12

========================================================================
Received Import Request.
  Time since last request: 608.163721 seconds.
  path: Assets/UI/Fonts/Faradisa DEMO SDF.asset
  artifactKey: Guid(d7134e34c4233b34ea3063f8871baf0a) Importer(815301076,1909f56bfc062723c751e8b465ee728b)
Start importing Assets/UI/Fonts/Faradisa DEMO SDF.asset using Guid(d7134e34c4233b34ea3063f8871baf0a) Importer(815301076,1909f56bfc062723c751e8b465ee728b) (PreviewImporter) -> (artifact id: 'd3a0022f9efb1a02ac9c1fa50eb14424') in 2.9017388 seconds
Number of updated asset objects reloaded before import = 0Number of asset objects unloaded after import = 7

Editor requested this worker to shutdown with reason: Scaling down because of idle timeout
AssetImportWorker is now disconnected from the server
Process exiting
Exiting without the bug reporter. Application will terminate with return code 0