Using pre-set license
Built from '6000.1/staging' branch; Version is '6000.1.4f1 (03270eb687c6) revision 206606'; Using compiler version '194234433'; Build Type 'Release'
OS: 'Windows 11  (10.0.26200) 64bit Core' Language: 'en' Physical Memory: 15799 MB
BatchMode: 1, IsHumanControllingUs: 0, StartBugReporterOnCrash: 0, Is64bit: 1, IsPro: 1
Date: 2026-03-11T03:00:49Z

COMMAND LINE ARGUMENTS:
C:\Program Files\Unity\Hub\Editor\6000.1.4f1\Editor\Unity.exe
-adb2
-batchMode
-noUpm
-name
AssetImportWorker20
-projectPath
C:/Users/anime/Multiplayer1
-logFile
Logs/AssetImportWorker20.log
-srvPort
63285
-job-worker-count
10
-background-job-worker-count
8
-gc-helper-count
1
-name
AssetImport
Successfully changed project path to: C:/Users/anime/Multiplayer1
C:/Users/anime/Multiplayer1
[UnityMemory] Configuration Parameters - Can be set up in boot.config
    "memorysetup-allocator-temp-initial-block-size-main=262144"
    "memorysetup-allocator-temp-initial-block-size-worker=262144"
    "memorysetup-bucket-allocator-granularity=16"
    "memorysetup-bucket-allocator-bucket-count=8"
    "memorysetup-bucket-allocator-block-size=33554432"
    "memorysetup-bucket-allocator-block-count=8"
    "memorysetup-main-allocator-block-size=16777216"
    "memorysetup-thread-allocator-block-size=16777216"
    "memorysetup-gfx-main-allocator-block-size=16777216"
    "memorysetup-gfx-thread-allocator-block-size=16777216"
    "memorysetup-cache-allocator-block-size=4194304"
    "memorysetup-typetree-allocator-block-size=2097152"
    "memorysetup-profiler-bucket-allocator-granularity=16"
    "memorysetup-profiler-bucket-allocator-bucket-count=8"
    "memorysetup-profiler-bucket-allocator-block-size=33554432"
    "memorysetup-profiler-bucket-allocator-block-count=8"
    "memorysetup-profiler-allocator-block-size=16777216"
    "memorysetup-profiler-editor-allocator-block-size=1048576"
    "memorysetup-temp-allocator-size-main=16777216"
    "memorysetup-job-temp-allocator-block-size=2097152"
    "memorysetup-job-temp-allocator-block-size-background=1048576"
    "memorysetup-job-temp-allocator-reduction-small-platforms=262144"
    "memorysetup-temp-allocator-size-background-worker=32768"
    "memorysetup-temp-allocator-size-job-worker=262144"
    "memorysetup-temp-allocator-size-preload-manager=33554432"
    "memorysetup-temp-allocator-size-nav-mesh-worker=65536"
    "memorysetup-temp-allocator-size-audio-worker=65536"
    "memorysetup-temp-allocator-size-cloud-worker=32768"
    "memorysetup-temp-allocator-size-gi-baking-worker=262144"
    "memorysetup-temp-allocator-size-gi-baking-worker=262144"
    "memorysetup-temp-allocator-size-gi-baking-worker=262144"
    "memorysetup-temp-allocator-size-gi-baking-worker=262144"
    "memorysetup-temp-allocator-size-gi-baking-worker=262144"
    "memorysetup-temp-allocator-size-gfx=262144"
Player connection [56188]  Target information:

Player connection [56188]  * "[IP] 192.168.16.29 [Port] 0 [Flags] 2 [Guid] 1965229728 [EditorId] 1965229728 [Version] 1048832 [Id] WindowsEditor(7,test) [Debug] 1 [PackageName] WindowsEditor [ProjectName] Editor" 

Player connection [56188] Host joined multi-casting on [225.0.0.222:54997]...
Player connection [56188] Host joined alternative multi-casting on [225.0.0.222:34997]...
JobSystem: Creating JobQueue using job-worker-count value 10
Input System module state changed to: Initialized.
[Physics::Module] Initialized fallback backend.
[Physics::Module] Id: 0xdecafbad
Library Redirect Path: Library/
[Physics::Module] Selected backend.
[Physics::Module] Name: PhysX
[Physics::Module] Id: 0xf2b8ea05
[Physics::Module] SDK Version: 4.1.2
[Physics::Module] Integration Version: 1.0.0
[Physics::Module] Threading Mode: Multi-Threaded
Refreshing native plugins compatible for Editor in 385.37 ms, found 4 plugins.
Preloading 0 native plugins for Editor in 0.00 ms.
Initialize engine version: 6000.1.4f1 (03270eb687c6)
[Subsystems] Discovering subsystems at path C:/Program Files/Unity/Hub/Editor/6000.1.4f1/Editor/Data/Resources/UnitySubsystems
[Subsystems] Discovering subsystems at path C:/Users/anime/Multiplayer1/Assets
GfxDevice: creating device client; kGfxThreadingModeNonThreaded
Direct3D:
    Version:         Direct3D 12 [level 12.1]
    Renderer:        NVIDIA GeForce RTX 4060 Laptop GPU (ID=0x28a0)
    Vendor:          NVIDIA
    VRAM:            7957 MB
    App VRAM Budget: 7189 MB
    Driver:          32.0.15.8183
Initialize mono
Mono path[0] = 'C:/Program Files/Unity/Hub/Editor/6000.1.4f1/Editor/Data/Managed'
Mono path[1] = 'C:/Program Files/Unity/Hub/Editor/6000.1.4f1/Editor/Data/MonoBleedingEdge/lib/mono/unityjit-win32'
Mono config path = 'C:/Program Files/Unity/Hub/Editor/6000.1.4f1/Editor/Data/MonoBleedingEdge/etc'
Using monoOptions --debugger-agent=transport=dt_socket,embedding=1,server=y,suspend=n,address=127.0.0.1:56732
Begin MonoManager ReloadAssembly
Registering precompiled unity dll's ...
Register platform support module: C:/Program Files/Unity/Hub/Editor/6000.1.4f1/Editor/Data/PlaybackEngines/WebGLSupport/UnityEditor.WebGL.Extensions.dll
Register platform support module: C:/Program Files/Unity/Hub/Editor/6000.1.4f1/Editor/Data/PlaybackEngines/WindowsStandaloneSupport/UnityEditor.WindowsStandalone.Extensions.dll
Registered in 0.412270 seconds.
- Loaded All Assemblies, in 10.190 seconds
Native extension for WindowsStandalone target not found
Native extension for WebGL target not found
Mono: successfully reloaded assembly
- Finished resetting the current domain, in  0.514 seconds
Domain Reload Profiling: 10701ms
	BeginReloadAssembly (8688ms)
		ExecutionOrderSort (0ms)
		DisableScriptedObjects (0ms)
		BackupInstance (0ms)
		ReleaseScriptingObjects (0ms)
		CreateAndSetChildDomain (2ms)
	RebuildCommonClasses (252ms)
	RebuildNativeTypeToScriptingClass (17ms)
	initialDomainReloadingComplete (479ms)
	LoadAllAssembliesAndSetupDomain (751ms)
		LoadAssemblies (8689ms)
		RebuildTransferFunctionScriptingTraits (0ms)
		AnalyzeDomain (740ms)
			TypeCache.Refresh (738ms)
				TypeCache.ScanAssembly (510ms)
			BuildScriptInfoCaches (0ms)
			ResolveRequiredComponents (1ms)
	FinalizeReload (514ms)
		ReleaseScriptCaches (0ms)
		RebuildScriptCaches (0ms)
		SetupLoadedEditorAssemblies (442ms)
			LogAssemblyErrors (0ms)
			InitializePlatformSupportModulesInManaged (66ms)
			SetLoadedEditorAssemblies (4ms)
			BeforeProcessingInitializeOnLoad (96ms)
			ProcessInitializeOnLoadAttributes (181ms)
			ProcessInitializeOnLoadMethodAttributes (95ms)
			AfterProcessingInitializeOnLoad (0ms)
			EditorAssembliesLoaded (0ms)
		ExecutionOrderSort2 (0ms)
		AwakeInstancesAfterBackupRestoration (0ms)
========================================================================
Worker process is ready to serve import requests
Import Worker Mode flag is 0x00
Begin MonoManager ReloadAssembly
- Loaded All Assemblies, in 10.564 seconds
Refreshing native plugins compatible for Editor in 2.63 ms, found 4 plugins.
Native extension for WindowsStandalone target not found
Native extension for WebGL target not found
Mono: successfully reloaded assembly
- Finished resetting the current domain, in  1.417 seconds
Domain Reload Profiling: 11975ms
	BeginReloadAssembly (206ms)
		ExecutionOrderSort (0ms)
		DisableScriptedObjects (6ms)
		BackupInstance (0ms)
		ReleaseScriptingObjects (0ms)
		CreateAndSetChildDomain (29ms)
	RebuildCommonClasses (41ms)
	RebuildNativeTypeToScriptingClass (12ms)
	initialDomainReloadingComplete (40ms)
	LoadAllAssembliesAndSetupDomain (10258ms)
		LoadAssemblies (10035ms)
		RebuildTransferFunctionScriptingTraits (0ms)
		AnalyzeDomain (344ms)
			TypeCache.Refresh (208ms)
				TypeCache.ScanAssembly (190ms)
			BuildScriptInfoCaches (120ms)
			ResolveRequiredComponents (11ms)
	FinalizeReload (1418ms)
		ReleaseScriptCaches (0ms)
		RebuildScriptCaches (0ms)
		SetupLoadedEditorAssemblies (1195ms)
			LogAssemblyErrors (0ms)
			InitializePlatformSupportModulesInManaged (3ms)
			SetLoadedEditorAssemblies (7ms)
			BeforeProcessingInitializeOnLoad (200ms)
			ProcessInitializeOnLoadAttributes (753ms)
			ProcessInitializeOnLoadMethodAttributes (224ms)
			AfterProcessingInitializeOnLoad (8ms)
			EditorAssembliesLoaded (1ms)
		ExecutionOrderSort2 (0ms)
		AwakeInstancesAfterBackupRestoration (6ms)
Launched and connected shader compiler UnityShaderCompiler.exe after 0.03 seconds
Refreshing native plugins compatible for Editor in 4.60 ms, found 4 plugins.
Preloading 0 native plugins for Editor in 0.00 ms.
Unloading 231 Unused Serialized files (Serialized files now loaded: 0)
Unloading 7208 unused Assets / (5.3 MB). Loaded Objects now: 7893.
Memory consumption went from 187.6 MB to 182.3 MB.
Total: 12.133700 ms (FindLiveObjects: 2.124300 ms CreateObjectMapping: 0.452500 ms MarkObjects: 6.492800 ms  DeleteObjects: 3.062700 ms)

========================================================================
Received Import Request.
  Time since last request: 435001.158448 seconds.
  path: Assets/Tilesets/craftpix-net-396765-free-simple-platformer-game-kit-pixel-art/3 Objects/Boxes/1_Idle.png
  artifactKey: Guid(6781cf561e9a46545aad26ce761906c2) Importer(815301076,1909f56bfc062723c751e8b465ee728b)
Start importing Assets/Tilesets/craftpix-net-396765-free-simple-platformer-game-kit-pixel-art/3 Objects/Boxes/1_Idle.png using Guid(6781cf561e9a46545aad26ce761906c2) Importer(815301076,1909f56bfc062723c751e8b465ee728b) (PreviewImporter) -> (artifact id: '98d651451676bc954484d4f1bc11a8b1') in 0.5235936 seconds
Number of updated asset objects reloaded before import = 0Number of asset objects unloaded after import = 3

========================================================================
Received Import Request.
  Time since last request: 0.000027 seconds.
  path: Assets/Tilesets/craftpix-net-396765-free-simple-platformer-game-kit-pixel-art/3 Objects/Boxes/2_Break.png
  artifactKey: Guid(bc32a635619faf043be38dd77687a07c) Importer(815301076,1909f56bfc062723c751e8b465ee728b)
Start importing Assets/Tilesets/craftpix-net-396765-free-simple-platformer-game-kit-pixel-art/3 Objects/Boxes/2_Break.png using Guid(bc32a635619faf043be38dd77687a07c) Importer(815301076,1909f56bfc062723c751e8b465ee728b) (PreviewImporter) -> (artifact id: '9443ff0c7c8e8e227ed936252db100d1') in 0.0398973 seconds
Number of updated asset objects reloaded before import = 0Number of asset objects unloaded after import = 6

========================================================================
Received Prepare
Begin MonoManager ReloadAssembly
- Loaded All Assemblies, in  5.213 seconds
Refreshing native plugins compatible for Editor in 4.09 ms, found 4 plugins.
Native extension for WindowsStandalone target not found
Native extension for WebGL target not found
Mono: successfully reloaded assembly
- Finished resetting the current domain, in  1.311 seconds
Domain Reload Profiling: 6530ms
	BeginReloadAssembly (1161ms)
		ExecutionOrderSort (1ms)
		DisableScriptedObjects (106ms)
		BackupInstance (0ms)
		ReleaseScriptingObjects (4ms)
		CreateAndSetChildDomain (414ms)
	RebuildCommonClasses (207ms)
	RebuildNativeTypeToScriptingClass (16ms)
	initialDomainReloadingComplete (59ms)
	LoadAllAssembliesAndSetupDomain (3775ms)
		LoadAssemblies (3500ms)
		RebuildTransferFunctionScriptingTraits (0ms)
		AnalyzeDomain (706ms)
			TypeCache.Refresh (21ms)
				TypeCache.ScanAssembly (0ms)
			BuildScriptInfoCaches (647ms)
			ResolveRequiredComponents (17ms)
	FinalizeReload (1312ms)
		ReleaseScriptCaches (0ms)
		RebuildScriptCaches (0ms)
		SetupLoadedEditorAssemblies (1078ms)
			LogAssemblyErrors (0ms)
			InitializePlatformSupportModulesInManaged (3ms)
			SetLoadedEditorAssemblies (8ms)
			BeforeProcessingInitializeOnLoad (201ms)
			ProcessInitializeOnLoadAttributes (750ms)
			ProcessInitializeOnLoadMethodAttributes (107ms)
			AfterProcessingInitializeOnLoad (8ms)
			EditorAssembliesLoaded (1ms)
		ExecutionOrderSort2 (0ms)
		AwakeInstancesAfterBackupRestoration (19ms)
Refreshing native plugins compatible for Editor in 3.47 ms, found 4 plugins.
Preloading 0 native plugins for Editor in 0.00 ms.
Unloading 36 Unused Serialized files (Serialized files now loaded: 0)
Unloading 7207 unused Assets / (6.4 MB). Loaded Objects now: 7912.
Memory consumption went from 165.3 MB to 159.0 MB.
Total: 16.210800 ms (FindLiveObjects: 1.856900 ms CreateObjectMapping: 0.477300 ms MarkObjects: 9.172500 ms  DeleteObjects: 4.701300 ms)

Prepare: number of updated asset objects reloaded= 0
========================================================================
Received Import Request.
  Time since last request: 3960.235121 seconds.
  path: Assets/Tilesets/craftpix-net-396765-free-simple-platformer-game-kit-pixel-art/3 Objects/Checkpoints/Checkpoint_Flag_Idle2.png
  artifactKey: Guid(a06375ca5919adf49b298d81c6190a54) Importer(815301076,1909f56bfc062723c751e8b465ee728b)
Start importing Assets/Tilesets/craftpix-net-396765-free-simple-platformer-game-kit-pixel-art/3 Objects/Checkpoints/Checkpoint_Flag_Idle2.png using Guid(a06375ca5919adf49b298d81c6190a54) Importer(815301076,1909f56bfc062723c751e8b465ee728b) (PreviewImporter) -> (artifact id: '3f6eaa7f2d953c26af9bcdd745836975') in 0.7813317 seconds
Number of updated asset objects reloaded before import = 0Number of asset objects unloaded after import = 9

========================================================================
Received Import Request.
  Time since last request: 0.000143 seconds.
  path: Assets/Tilesets/craftpix-net-396765-free-simple-platformer-game-kit-pixel-art/3 Objects/Checkpoints/End_Idle.png
  artifactKey: Guid(334a6b85937f122478c4bb4dd50aadc7) Importer(815301076,1909f56bfc062723c751e8b465ee728b)
Start importing Assets/Tilesets/craftpix-net-396765-free-simple-platformer-game-kit-pixel-art/3 Objects/Checkpoints/End_Idle.png using Guid(334a6b85937f122478c4bb4dd50aadc7) Importer(815301076,1909f56bfc062723c751e8b465ee728b) (PreviewImporter) -> (artifact id: '2d453ba69db6c3b719f6a2097944e526') in 0.0858822 seconds
Number of updated asset objects reloaded before import = 0Number of asset objects unloaded after import = 9

========================================================================
Received Import Request.
  Time since last request: 0.000029 seconds.
  path: Assets/Tilesets/craftpix-net-396765-free-simple-platformer-game-kit-pixel-art/3 Objects/Checkpoints/End_Pressed.png
  artifactKey: Guid(50e486bd0d9290d4bbf988a7fbc2ee5b) Importer(815301076,1909f56bfc062723c751e8b465ee728b)
Start importing Assets/Tilesets/craftpix-net-396765-free-simple-platformer-game-kit-pixel-art/3 Objects/Checkpoints/End_Pressed.png using Guid(50e486bd0d9290d4bbf988a7fbc2ee5b) Importer(815301076,1909f56bfc062723c751e8b465ee728b) (PreviewImporter) -> (artifact id: '54f1a96c73486a2a9d14fa88e0ab2356') in 0.214986 seconds
Number of updated asset objects reloaded before import = 0Number of asset objects unloaded after import = 9

========================================================================
Received Import Request.
  Time since last request: 24.275144 seconds.
  path: Assets/Tilesets/craftpix-net-396765-free-simple-platformer-game-kit-pixel-art/1 Main Characters/2/Jump.png
  artifactKey: Guid(6ae1bbf80cab3434a8586e8b92e667bf) Importer(815301076,1909f56bfc062723c751e8b465ee728b)
Start importing Assets/Tilesets/craftpix-net-396765-free-simple-platformer-game-kit-pixel-art/1 Main Characters/2/Jump.png using Guid(6ae1bbf80cab3434a8586e8b92e667bf) Importer(815301076,1909f56bfc062723c751e8b465ee728b) (PreviewImporter) -> (artifact id: '215160873963b5cb6deafc598fafdf9d') in 0.6080976 seconds
Number of updated asset objects reloaded before import = 0Number of asset objects unloaded after import = 3

========================================================================
Received Import Request.
  Time since last request: 17.254446 seconds.
  path: Assets/Tilesets/craftpix-net-396765-free-simple-platformer-game-kit-pixel-art/2 Locations/Tiles/Tile_63.png
  artifactKey: Guid(ad6ff85db32a7d843b2ed5a6b1b2c229) Importer(815301076,1909f56bfc062723c751e8b465ee728b)
Start importing Assets/Tilesets/craftpix-net-396765-free-simple-platformer-game-kit-pixel-art/2 Locations/Tiles/Tile_63.png using Guid(ad6ff85db32a7d843b2ed5a6b1b2c229) Importer(815301076,1909f56bfc062723c751e8b465ee728b) (PreviewImporter) -> (artifact id: '265c653391016caf44cde7c72513d721') in 0.2002546 seconds
Number of updated asset objects reloaded before import = 0Number of asset objects unloaded after import = 3

========================================================================
Received Import Request.
  Time since last request: 3.915688 seconds.
  path: Assets/Tilesets/craftpix-net-396765-free-simple-platformer-game-kit-pixel-art/2 Locations/Backgrounds/6.png
  artifactKey: Guid(41fb6ec2c26edcb46b4ac048ee47bdb8) Importer(815301076,1909f56bfc062723c751e8b465ee728b)
Start importing Assets/Tilesets/craftpix-net-396765-free-simple-platformer-game-kit-pixel-art/2 Locations/Backgrounds/6.png using Guid(41fb6ec2c26edcb46b4ac048ee47bdb8) Importer(815301076,1909f56bfc062723c751e8b465ee728b) (PreviewImporter) -> (artifact id: '8d101f1b825773319e969c77f6401cc4') in 0.2471089 seconds
Number of updated asset objects reloaded before import = 0Number of asset objects unloaded after import = 3

========================================================================
Received Import Request.
  Time since last request: 3.091357 seconds.
  path: Assets/Tilesets/craftpix-net-396765-free-simple-platformer-game-kit-pixel-art/3 Objects/Boxes/3_Idle.png
  artifactKey: Guid(d0c26a152261185489fbd156d4d9f366) Importer(815301076,1909f56bfc062723c751e8b465ee728b)
Start importing Assets/Tilesets/craftpix-net-396765-free-simple-platformer-game-kit-pixel-art/3 Objects/Boxes/3_Idle.png using Guid(d0c26a152261185489fbd156d4d9f366) Importer(815301076,1909f56bfc062723c751e8b465ee728b) (PreviewImporter) -> (artifact id: '25878376f5026f3eb0e3ec81d08cf630') in 0.0371425 seconds
Number of updated asset objects reloaded before import = 0Number of asset objects unloaded after import = 3

========================================================================
Received Import Request.
  Time since last request: 4.629904 seconds.
  path: Assets/Tilesets/craftpix-net-396765-free-simple-platformer-game-kit-pixel-art/3 Objects/Gems/6.png
  artifactKey: Guid(199eb81e00a592146b50cc94631a115a) Importer(815301076,1909f56bfc062723c751e8b465ee728b)
Start importing Assets/Tilesets/craftpix-net-396765-free-simple-platformer-game-kit-pixel-art/3 Objects/Gems/6.png using Guid(199eb81e00a592146b50cc94631a115a) Importer(815301076,1909f56bfc062723c751e8b465ee728b) (PreviewImporter) -> (artifact id: '5ae75cce906775f5b0c14dc72b51c719') in 0.2140096 seconds
Number of updated asset objects reloaded before import = 0Number of asset objects unloaded after import = 9

========================================================================
Received Import Request.
  Time since last request: 10.693428 seconds.
  path: Assets/Tilesets/craftpix-net-396765-free-simple-platformer-game-kit-pixel-art/4 Enemies/2/Run.png
  artifactKey: Guid(5d2a0c3efea8ed1449bbe60ea82ac238) Importer(815301076,1909f56bfc062723c751e8b465ee728b)
Start importing Assets/Tilesets/craftpix-net-396765-free-simple-platformer-game-kit-pixel-art/4 Enemies/2/Run.png using Guid(5d2a0c3efea8ed1449bbe60ea82ac238) Importer(815301076,1909f56bfc062723c751e8b465ee728b) (PreviewImporter) -> (artifact id: 'a7021d73c1dbcfb89ea61ec914e39588') in 0.1575112 seconds
Number of updated asset objects reloaded before import = 0Number of asset objects unloaded after import = 14

========================================================================
Received Import Request.
  Time since last request: 5.029098 seconds.
  path: Assets/Tilesets/craftpix-net-396765-free-simple-platformer-game-kit-pixel-art/4 Enemies/3/Walk.png
  artifactKey: Guid(fde6dc64520f71c42a1c74a0b5d280c5) Importer(815301076,1909f56bfc062723c751e8b465ee728b)
Start importing Assets/Tilesets/craftpix-net-396765-free-simple-platformer-game-kit-pixel-art/4 Enemies/3/Walk.png using Guid(fde6dc64520f71c42a1c74a0b5d280c5) Importer(815301076,1909f56bfc062723c751e8b465ee728b) (PreviewImporter) -> (artifact id: '52d82fd075347ed8e05b806be6a8eee8') in 0.2089861 seconds
Number of updated asset objects reloaded before import = 0Number of asset objects unloaded after import = 14

========================================================================
Received Import Request.
  Time since last request: 3.611008 seconds.
  path: Assets/Tilesets/craftpix-net-396765-free-simple-platformer-game-kit-pixel-art/4 Enemies/1/Run.png
  artifactKey: Guid(34e1f7ef6c9e3ee4c912c6bc6a27bfb5) Importer(815301076,1909f56bfc062723c751e8b465ee728b)
Start importing Assets/Tilesets/craftpix-net-396765-free-simple-platformer-game-kit-pixel-art/4 Enemies/1/Run.png using Guid(34e1f7ef6c9e3ee4c912c6bc6a27bfb5) Importer(815301076,1909f56bfc062723c751e8b465ee728b) (PreviewImporter) -> (artifact id: 'ea735cc0656a0e23c75b3b138e5765a9') in 0.2321426 seconds
Number of updated asset objects reloaded before import = 0Number of asset objects unloaded after import = 14

========================================================================
Received Import Request.
  Time since last request: 2.828918 seconds.
  path: Assets/Tilesets/craftpix-net-396765-free-simple-platformer-game-kit-pixel-art/4 Enemies/4/Idle.png
  artifactKey: Guid(b7b42cf9f9982954c9369d1c5316271b) Importer(815301076,1909f56bfc062723c751e8b465ee728b)
Start importing Assets/Tilesets/craftpix-net-396765-free-simple-platformer-game-kit-pixel-art/4 Enemies/4/Idle.png using Guid(b7b42cf9f9982954c9369d1c5316271b) Importer(815301076,1909f56bfc062723c751e8b465ee728b) (PreviewImporter) -> (artifact id: '48f902e57b429bc6e3e443bf3ef17a9d') in 0.2156223 seconds
Number of updated asset objects reloaded before import = 0Number of asset objects unloaded after import = 13

========================================================================
Received Import Request.
  Time since last request: 5.844233 seconds.
  path: Assets/Tilesets/craftpix-net-396765-free-simple-platformer-game-kit-pixel-art/4 Enemies/6 (48x72)/Run_Attack.png
  artifactKey: Guid(210e7e24d82218b41b7c848ee72fa931) Importer(815301076,1909f56bfc062723c751e8b465ee728b)
Start importing Assets/Tilesets/craftpix-net-396765-free-simple-platformer-game-kit-pixel-art/4 Enemies/6 (48x72)/Run_Attack.png using Guid(210e7e24d82218b41b7c848ee72fa931) Importer(815301076,1909f56bfc062723c751e8b465ee728b) (PreviewImporter) -> (artifact id: '94450a22eafae83c9e9bdde2b4a189b9') in 0.2600224 seconds
Number of updated asset objects reloaded before import = 0Number of asset objects unloaded after import = 14

========================================================================
Received Import Request.
  Time since last request: 8.281019 seconds.
  path: Assets/Tilesets/craftpix-net-396765-free-simple-platformer-game-kit-pixel-art/5 GUI/Buttons/Button_05.png
  artifactKey: Guid(bf3c3fdafb6edff4e84ee8bb02fbeb36) Importer(815301076,1909f56bfc062723c751e8b465ee728b)
Start importing Assets/Tilesets/craftpix-net-396765-free-simple-platformer-game-kit-pixel-art/5 GUI/Buttons/Button_05.png using Guid(bf3c3fdafb6edff4e84ee8bb02fbeb36) Importer(815301076,1909f56bfc062723c751e8b465ee728b) (PreviewImporter) -> (artifact id: 'c546a6cf6096b172eec0cdc58c88bd83') in 0.151145 seconds
Number of updated asset objects reloaded before import = 0Number of asset objects unloaded after import = 3

========================================================================
Received Import Request.
  Time since last request: 0.000030 seconds.
  path: Assets/Tilesets/craftpix-net-396765-free-simple-platformer-game-kit-pixel-art/5 GUI/Buttons/Button_13.png
  artifactKey: Guid(579d04bbb2b35ab4ebab5c8f44e3e321) Importer(815301076,1909f56bfc062723c751e8b465ee728b)
Start importing Assets/Tilesets/craftpix-net-396765-free-simple-platformer-game-kit-pixel-art/5 GUI/Buttons/Button_13.png using Guid(579d04bbb2b35ab4ebab5c8f44e3e321) Importer(815301076,1909f56bfc062723c751e8b465ee728b) (PreviewImporter) -> (artifact id: 'b2e910904c87d2e1dd304d3d66d6305d') in 0.107514 seconds
Number of updated asset objects reloaded before import = 0Number of asset objects unloaded after import = 3

========================================================================
Received Import Request.
  Time since last request: 1.233742 seconds.
  path: Assets/Tilesets/craftpix-net-396765-free-simple-platformer-game-kit-pixel-art/5 GUI/Icons/Icon_05.png
  artifactKey: Guid(fdf1f1fbd4fcb024db8bb694781c6d71) Importer(815301076,1909f56bfc062723c751e8b465ee728b)
Start importing Assets/Tilesets/craftpix-net-396765-free-simple-platformer-game-kit-pixel-art/5 GUI/Icons/Icon_05.png using Guid(fdf1f1fbd4fcb024db8bb694781c6d71) Importer(815301076,1909f56bfc062723c751e8b465ee728b) (PreviewImporter) -> (artifact id: '41b26af097a081704b76f9279171dfcc') in 0.0985928 seconds
Number of updated asset objects reloaded before import = 0Number of asset objects unloaded after import = 3

========================================================================
Received Import Request.
  Time since last request: 0.000020 seconds.
  path: Assets/Tilesets/craftpix-net-396765-free-simple-platformer-game-kit-pixel-art/5 GUI/Icons/Icon_09.png
  artifactKey: Guid(76ca3f128654c8c4a868e65b8fa5bb48) Importer(815301076,1909f56bfc062723c751e8b465ee728b)
Start importing Assets/Tilesets/craftpix-net-396765-free-simple-platformer-game-kit-pixel-art/5 GUI/Icons/Icon_09.png using Guid(76ca3f128654c8c4a868e65b8fa5bb48) Importer(815301076,1909f56bfc062723c751e8b465ee728b) (PreviewImporter) -> (artifact id: 'b82c94db60ddee1644d397be3d276053') in 0.1191752 seconds
Number of updated asset objects reloaded before import = 0Number of asset objects unloaded after import = 3

========================================================================
Received Import Request.
  Time since last request: 17.257336 seconds.
  path: Assets/Tilesets/craftpix-net-926878-free-platformer-game-tileset-pixel-art/PSD/Details.psd
  artifactKey: Guid(72eabe29b5440a24888e6d51b4466cd3) Importer(815301076,1909f56bfc062723c751e8b465ee728b)
Start importing Assets/Tilesets/craftpix-net-926878-free-platformer-game-tileset-pixel-art/PSD/Details.psd using Guid(72eabe29b5440a24888e6d51b4466cd3) Importer(815301076,1909f56bfc062723c751e8b465ee728b) (PreviewImporter) -> (artifact id: '44d98d5aced1e3802a37126f9b22aca1') in 0.2504636 seconds
Number of updated asset objects reloaded before import = 0Number of asset objects unloaded after import = 3

========================================================================
Received Import Request.
  Time since last request: 0.000026 seconds.
  path: Assets/Tilesets/craftpix-net-926878-free-platformer-game-tileset-pixel-art/PSD/shinies.psd
  artifactKey: Guid(5f3540c4aa81e124997cf1161887d069) Importer(815301076,1909f56bfc062723c751e8b465ee728b)
Start importing Assets/Tilesets/craftpix-net-926878-free-platformer-game-tileset-pixel-art/PSD/shinies.psd using Guid(5f3540c4aa81e124997cf1161887d069) Importer(815301076,1909f56bfc062723c751e8b465ee728b) (PreviewImporter) -> (artifact id: 'f71af0c834b16c31966335395c2b39c3') in 0.0757544 seconds
Number of updated asset objects reloaded before import = 0Number of asset objects unloaded after import = 3

========================================================================
Received Import Request.
  Time since last request: 23.484235 seconds.
  path: Assets/Tilesets/craftpix-net-396765-free-simple-platformer-game-kit-pixel-art/1 Main Characters/1/Jump.png
  artifactKey: Guid(25504bb8f2c55a647a1846ba7d820b79) Importer(815301076,1909f56bfc062723c751e8b465ee728b)
Start importing Assets/Tilesets/craftpix-net-396765-free-simple-platformer-game-kit-pixel-art/1 Main Characters/1/Jump.png using Guid(25504bb8f2c55a647a1846ba7d820b79) Importer(815301076,1909f56bfc062723c751e8b465ee728b) (PreviewImporter) -> (artifact id: '00170485142454d671189d379f7ba3c5') in 0.0546832 seconds
Number of updated asset objects reloaded before import = 0Number of asset objects unloaded after import = 3

========================================================================
Received Import Request.
  Time since last request: 0.001594 seconds.
  path: Assets/Tilesets/craftpix-net-396765-free-simple-platformer-game-kit-pixel-art/1 Main Characters/1/Run.png
  artifactKey: Guid(62823b6a1169e2f478f3e93e79427105) Importer(815301076,1909f56bfc062723c751e8b465ee728b)
Start importing Assets/Tilesets/craftpix-net-396765-free-simple-platformer-game-kit-pixel-art/1 Main Characters/1/Run.png using Guid(62823b6a1169e2f478f3e93e79427105) Importer(815301076,1909f56bfc062723c751e8b465ee728b) (PreviewImporter) -> (artifact id: 'a1878c1f1146f7238ea94137e001323c') in 0.0827526 seconds
Number of updated asset objects reloaded before import = 0Number of asset objects unloaded after import = 14

========================================================================
Received Import Request.
  Time since last request: 13.715220 seconds.
  path: Assets/Tilesets/craftpix-net-396765-free-simple-platformer-game-kit-pixel-art/PSD/Tileset.psd
  artifactKey: Guid(4ecc3a2e063948f44bfe0cf834dd6fa6) Importer(815301076,1909f56bfc062723c751e8b465ee728b)
Start importing Assets/Tilesets/craftpix-net-396765-free-simple-platformer-game-kit-pixel-art/PSD/Tileset.psd using Guid(4ecc3a2e063948f44bfe0cf834dd6fa6) Importer(815301076,1909f56bfc062723c751e8b465ee728b) (PreviewImporter) -> (artifact id: 'dfc30cdf4fb198902097ff89c72a64e1') in 0.1814135 seconds
Number of updated asset objects reloaded before import = 0Number of asset objects unloaded after import = 3

========================================================================
Received Import Request.
  Time since last request: 2.620187 seconds.
  path: Assets/Tilesets/craftpix-net-926878-free-platformer-game-tileset-pixel-art/PNG/Fairys.png
  artifactKey: Guid(59f48f866cdf4ce4cab71adcc8d58127) Importer(815301076,1909f56bfc062723c751e8b465ee728b)
Start importing Assets/Tilesets/craftpix-net-926878-free-platformer-game-tileset-pixel-art/PNG/Fairys.png using Guid(59f48f866cdf4ce4cab71adcc8d58127) Importer(815301076,1909f56bfc062723c751e8b465ee728b) (PreviewImporter) -> (artifact id: '456febd815b0ddad518f0dfc309d5ee8') in 0.2545739 seconds
Number of updated asset objects reloaded before import = 0Number of asset objects unloaded after import = 14

========================================================================
Received Import Request.
  Time since last request: 0.000017 seconds.
  path: Assets/Tilesets/craftpix-net-926878-free-platformer-game-tileset-pixel-art/PNG/Predator_plant.png
  artifactKey: Guid(7b050eb28ba1cae45b513601b944ce6a) Importer(815301076,1909f56bfc062723c751e8b465ee728b)
Start importing Assets/Tilesets/craftpix-net-926878-free-platformer-game-tileset-pixel-art/PNG/Predator_plant.png using Guid(7b050eb28ba1cae45b513601b944ce6a) Importer(815301076,1909f56bfc062723c751e8b465ee728b) (PreviewImporter) -> (artifact id: 'eef33f1a3f9b3d79fe4b28713176b125') in 0.2644394 seconds
Number of updated asset objects reloaded before import = 0Number of asset objects unloaded after import = 27

========================================================================
Received Import Request.
  Time since last request: 0.000065 seconds.
  path: Assets/Tilesets/craftpix-net-926878-free-platformer-game-tileset-pixel-art/PNG/Spikes.png
  artifactKey: Guid(f6a3daaaa3dbb2f4a83d7ca4f1db6b76) Importer(815301076,1909f56bfc062723c751e8b465ee728b)
Start importing Assets/Tilesets/craftpix-net-926878-free-platformer-game-tileset-pixel-art/PNG/Spikes.png using Guid(f6a3daaaa3dbb2f4a83d7ca4f1db6b76) Importer(815301076,1909f56bfc062723c751e8b465ee728b) (PreviewImporter) -> (artifact id: '011c31f5e9ecf653973801498d862ef4') in 0.0842063 seconds
Number of updated asset objects reloaded before import = 0Number of asset objects unloaded after import = 14

Editor requested this worker to shutdown with reason: Scaling down because of idle timeout
AssetImportWorkerClient::OnTransportError - code=2 error=End of file
AssetImportWorker is now disconnected from the server
Process exiting
Exiting without the bug reporter. Application will terminate with return code 0