Using pre-set license
Built from '6000.1/staging' branch; Version is '6000.1.4f1 (03270eb687c6) revision 206606'; Using compiler version '194234433'; Build Type 'Release'
OS: 'Windows 11  (10.0.26200) 64bit Core' Language: 'en' Physical Memory: 15799 MB
BatchMode: 1, IsHumanControllingUs: 0, StartBugReporterOnCrash: 0, Is64bit: 1, IsPro: 1
Date: 2026-03-10T06:07:05Z

COMMAND LINE ARGUMENTS:
C:\Program Files\Unity\Hub\Editor\6000.1.4f1\Editor\Unity.exe
-adb2
-batchMode
-noUpm
-name
AssetImportWorker14
-projectPath
C:/Users/anime/Multiplayer1
-logFile
Logs/AssetImportWorker14.log
-srvPort
63285
-job-worker-count
10
-background-job-worker-count
8
-gc-helper-count
1
-name
AssetImport
Successfully changed project path to: C:/Users/anime/Multiplayer1
C:/Users/anime/Multiplayer1
[UnityMemory] Configuration Parameters - Can be set up in boot.config
    "memorysetup-allocator-temp-initial-block-size-main=262144"
    "memorysetup-allocator-temp-initial-block-size-worker=262144"
    "memorysetup-bucket-allocator-granularity=16"
    "memorysetup-bucket-allocator-bucket-count=8"
    "memorysetup-bucket-allocator-block-size=33554432"
    "memorysetup-bucket-allocator-block-count=8"
    "memorysetup-main-allocator-block-size=16777216"
    "memorysetup-thread-allocator-block-size=16777216"
    "memorysetup-gfx-main-allocator-block-size=16777216"
    "memorysetup-gfx-thread-allocator-block-size=16777216"
    "memorysetup-cache-allocator-block-size=4194304"
    "memorysetup-typetree-allocator-block-size=2097152"
    "memorysetup-profiler-bucket-allocator-granularity=16"
    "memorysetup-profiler-bucket-allocator-bucket-count=8"
    "memorysetup-profiler-bucket-allocator-block-size=33554432"
    "memorysetup-profiler-bucket-allocator-block-count=8"
    "memorysetup-profiler-allocator-block-size=16777216"
    "memorysetup-profiler-editor-allocator-block-size=1048576"
    "memorysetup-temp-allocator-size-main=16777216"
    "memorysetup-job-temp-allocator-block-size=2097152"
    "memorysetup-job-temp-allocator-block-size-background=1048576"
    "memorysetup-job-temp-allocator-reduction-small-platforms=262144"
    "memorysetup-temp-allocator-size-background-worker=32768"
    "memorysetup-temp-allocator-size-job-worker=262144"
    "memorysetup-temp-allocator-size-preload-manager=33554432"
    "memorysetup-temp-allocator-size-nav-mesh-worker=65536"
    "memorysetup-temp-allocator-size-audio-worker=65536"
    "memorysetup-temp-allocator-size-cloud-worker=32768"
    "memorysetup-temp-allocator-size-gi-baking-worker=262144"
    "memorysetup-temp-allocator-size-gi-baking-worker=262144"
    "memorysetup-temp-allocator-size-gi-baking-worker=262144"
    "memorysetup-temp-allocator-size-gi-baking-worker=262144"
    "memorysetup-temp-allocator-size-gi-baking-worker=262144"
    "memorysetup-temp-allocator-size-gfx=262144"
Player connection [39640]  Target information:

Player connection [39640]  * "[IP] 192.168.16.55 [Port] 0 [Flags] 2 [Guid] 1955034260 [EditorId] 1955034260 [Version] 1048832 [Id] WindowsEditor(7,test) [Debug] 1 [PackageName] WindowsEditor [ProjectName] Editor" 

Player connection [39640] Host joined multi-casting on [225.0.0.222:54997]...
Player connection [39640] Host joined alternative multi-casting on [225.0.0.222:34997]...
JobSystem: Creating JobQueue using job-worker-count value 10
Input System module state changed to: Initialized.
[Physics::Module] Initialized fallback backend.
[Physics::Module] Id: 0xdecafbad
Library Redirect Path: Library/
[Physics::Module] Selected backend.
[Physics::Module] Name: PhysX
[Physics::Module] Id: 0xf2b8ea05
[Physics::Module] SDK Version: 4.1.2
[Physics::Module] Integration Version: 1.0.0
[Physics::Module] Threading Mode: Multi-Threaded
Refreshing native plugins compatible for Editor in 456.13 ms, found 4 plugins.
Preloading 0 native plugins for Editor in 0.00 ms.
Initialize engine version: 6000.1.4f1 (03270eb687c6)
[Subsystems] Discovering subsystems at path C:/Program Files/Unity/Hub/Editor/6000.1.4f1/Editor/Data/Resources/UnitySubsystems
[Subsystems] Discovering subsystems at path C:/Users/anime/Multiplayer1/Assets
GfxDevice: creating device client; kGfxThreadingModeNonThreaded
Direct3D:
    Version:         Direct3D 12 [level 12.1]
    Renderer:        NVIDIA GeForce RTX 4060 Laptop GPU (ID=0x28a0)
    Vendor:          NVIDIA
    VRAM:            7957 MB
    App VRAM Budget: 7189 MB
    Driver:          32.0.15.8183
Initialize mono
Mono path[0] = 'C:/Program Files/Unity/Hub/Editor/6000.1.4f1/Editor/Data/Managed'
Mono path[1] = 'C:/Program Files/Unity/Hub/Editor/6000.1.4f1/Editor/Data/MonoBleedingEdge/lib/mono/unityjit-win32'
Mono config path = 'C:/Program Files/Unity/Hub/Editor/6000.1.4f1/Editor/Data/MonoBleedingEdge/etc'
Using monoOptions --debugger-agent=transport=dt_socket,embedding=1,server=y,suspend=n,address=127.0.0.1:56132
Begin MonoManager ReloadAssembly
Registering precompiled unity dll's ...
Register platform support module: C:/Program Files/Unity/Hub/Editor/6000.1.4f1/Editor/Data/PlaybackEngines/WebGLSupport/UnityEditor.WebGL.Extensions.dll
Register platform support module: C:/Program Files/Unity/Hub/Editor/6000.1.4f1/Editor/Data/PlaybackEngines/WindowsStandaloneSupport/UnityEditor.WindowsStandalone.Extensions.dll
Registered in 0.008067 seconds.
- Loaded All Assemblies, in  3.525 seconds
Native extension for WindowsStandalone target not found
Native extension for WebGL target not found
Mono: successfully reloaded assembly
- Finished resetting the current domain, in  0.712 seconds
Domain Reload Profiling: 4238ms
	BeginReloadAssembly (292ms)
		ExecutionOrderSort (0ms)
		DisableScriptedObjects (0ms)
		BackupInstance (0ms)
		ReleaseScriptingObjects (0ms)
		CreateAndSetChildDomain (6ms)
	RebuildCommonClasses (678ms)
	RebuildNativeTypeToScriptingClass (12ms)
	initialDomainReloadingComplete (70ms)
	LoadAllAssembliesAndSetupDomain (2468ms)
		LoadAssemblies (274ms)
		RebuildTransferFunctionScriptingTraits (0ms)
		AnalyzeDomain (2463ms)
			TypeCache.Refresh (2454ms)
				TypeCache.ScanAssembly (1958ms)
			BuildScriptInfoCaches (0ms)
			ResolveRequiredComponents (7ms)
	FinalizeReload (717ms)
		ReleaseScriptCaches (0ms)
		RebuildScriptCaches (0ms)
		SetupLoadedEditorAssemblies (653ms)
			LogAssemblyErrors (0ms)
			InitializePlatformSupportModulesInManaged (167ms)
			SetLoadedEditorAssemblies (7ms)
			BeforeProcessingInitializeOnLoad (124ms)
			ProcessInitializeOnLoadAttributes (238ms)
			ProcessInitializeOnLoadMethodAttributes (118ms)
			AfterProcessingInitializeOnLoad (0ms)
			EditorAssembliesLoaded (0ms)
		ExecutionOrderSort2 (0ms)
		AwakeInstancesAfterBackupRestoration (0ms)
========================================================================
Worker process is ready to serve import requests
Import Worker Mode flag is 0x00
Begin MonoManager ReloadAssembly
- Loaded All Assemblies, in  1.312 seconds
Refreshing native plugins compatible for Editor in 8.40 ms, found 4 plugins.
Native extension for WindowsStandalone target not found
Native extension for WebGL target not found
Mono: successfully reloaded assembly
- Finished resetting the current domain, in  1.508 seconds
Domain Reload Profiling: 2814ms
	BeginReloadAssembly (189ms)
		ExecutionOrderSort (0ms)
		DisableScriptedObjects (6ms)
		BackupInstance (0ms)
		ReleaseScriptingObjects (0ms)
		CreateAndSetChildDomain (35ms)
	RebuildCommonClasses (34ms)
	RebuildNativeTypeToScriptingClass (10ms)
	initialDomainReloadingComplete (42ms)
	LoadAllAssembliesAndSetupDomain (1031ms)
		LoadAssemblies (798ms)
		RebuildTransferFunctionScriptingTraits (0ms)
		AnalyzeDomain (336ms)
			TypeCache.Refresh (253ms)
				TypeCache.ScanAssembly (236ms)
			BuildScriptInfoCaches (68ms)
			ResolveRequiredComponents (10ms)
	FinalizeReload (1509ms)
		ReleaseScriptCaches (0ms)
		RebuildScriptCaches (0ms)
		SetupLoadedEditorAssemblies (1265ms)
			LogAssemblyErrors (0ms)
			InitializePlatformSupportModulesInManaged (2ms)
			SetLoadedEditorAssemblies (6ms)
			BeforeProcessingInitializeOnLoad (212ms)
			ProcessInitializeOnLoadAttributes (800ms)
			ProcessInitializeOnLoadMethodAttributes (234ms)
			AfterProcessingInitializeOnLoad (9ms)
			EditorAssembliesLoaded (2ms)
		ExecutionOrderSort2 (0ms)
		AwakeInstancesAfterBackupRestoration (10ms)
Launched and connected shader compiler UnityShaderCompiler.exe after 0.06 seconds
Refreshing native plugins compatible for Editor in 3.23 ms, found 4 plugins.
Preloading 0 native plugins for Editor in 0.00 ms.
Unloading 231 Unused Serialized files (Serialized files now loaded: 0)
Unloading 7206 unused Assets / (4.2 MB). Loaded Objects now: 7891.
Memory consumption went from 181.8 MB to 177.6 MB.
Total: 20.140800 ms (FindLiveObjects: 3.099100 ms CreateObjectMapping: 0.502100 ms MarkObjects: 12.180300 ms  DeleteObjects: 4.357100 ms)

========================================================================
Received Import Request.
  Time since last request: 358206.310976 seconds.
  path: Assets/Tilesets/craftpix-net-396765-free-simple-platformer-game-kit-pixel-art/2 Locations/Tiles/Tile_01.png
  artifactKey: Guid(3951d7bfafb89ff41944be0f825bc646) Importer(815301076,1909f56bfc062723c751e8b465ee728b)
Start importing Assets/Tilesets/craftpix-net-396765-free-simple-platformer-game-kit-pixel-art/2 Locations/Tiles/Tile_01.png using Guid(3951d7bfafb89ff41944be0f825bc646) Importer(815301076,1909f56bfc062723c751e8b465ee728b) (PreviewImporter) -> (artifact id: '6e9e42185d58c7cadcfcb06a514c96c1') in 0.7570474 seconds
Number of updated asset objects reloaded before import = 0Number of asset objects unloaded after import = 3

========================================================================
Received Import Request.
  Time since last request: 0.000029 seconds.
  path: Assets/Tilesets/craftpix-net-396765-free-simple-platformer-game-kit-pixel-art/2 Locations/Tiles/Tile_09.png
  artifactKey: Guid(b6d025dea6650a245a9f452695e7c403) Importer(815301076,1909f56bfc062723c751e8b465ee728b)
Start importing Assets/Tilesets/craftpix-net-396765-free-simple-platformer-game-kit-pixel-art/2 Locations/Tiles/Tile_09.png using Guid(b6d025dea6650a245a9f452695e7c403) Importer(815301076,1909f56bfc062723c751e8b465ee728b) (PreviewImporter) -> (artifact id: '24a6f3802f974ab15c829c7e187d2886') in 0.0645684 seconds
Number of updated asset objects reloaded before import = 0Number of asset objects unloaded after import = 3

========================================================================
Received Import Request.
  Time since last request: 0.000034 seconds.
  path: Assets/Tilesets/craftpix-net-396765-free-simple-platformer-game-kit-pixel-art/2 Locations/Tiles/Tile_12.png
  artifactKey: Guid(ce3cbcd0dd21cea44a39cc7fe0f74099) Importer(815301076,1909f56bfc062723c751e8b465ee728b)
Start importing Assets/Tilesets/craftpix-net-396765-free-simple-platformer-game-kit-pixel-art/2 Locations/Tiles/Tile_12.png using Guid(ce3cbcd0dd21cea44a39cc7fe0f74099) Importer(815301076,1909f56bfc062723c751e8b465ee728b) (PreviewImporter) -> (artifact id: '4e64fba0ed18be9efe9507ca255489f4') in 0.0541778 seconds
Number of updated asset objects reloaded before import = 0Number of asset objects unloaded after import = 3

========================================================================
Received Import Request.
  Time since last request: 0.000044 seconds.
  path: Assets/Tilesets/craftpix-net-396765-free-simple-platformer-game-kit-pixel-art/2 Locations/Tiles/Tile_10.png
  artifactKey: Guid(e9516b3bb43678f4397299b2f91abcfa) Importer(815301076,1909f56bfc062723c751e8b465ee728b)
Start importing Assets/Tilesets/craftpix-net-396765-free-simple-platformer-game-kit-pixel-art/2 Locations/Tiles/Tile_10.png using Guid(e9516b3bb43678f4397299b2f91abcfa) Importer(815301076,1909f56bfc062723c751e8b465ee728b) (PreviewImporter) -> (artifact id: '52368ba1a3516e179cf0b7fe9ea427cd') in 0.0853483 seconds
Number of updated asset objects reloaded before import = 0Number of asset objects unloaded after import = 3

========================================================================
Received Import Request.
  Time since last request: 0.000022 seconds.
  path: Assets/Tilesets/craftpix-net-396765-free-simple-platformer-game-kit-pixel-art/2 Locations/Tiles/Tile_13.png
  artifactKey: Guid(8e9cc43b8c49aab49aa3bd505b46e25b) Importer(815301076,1909f56bfc062723c751e8b465ee728b)
Start importing Assets/Tilesets/craftpix-net-396765-free-simple-platformer-game-kit-pixel-art/2 Locations/Tiles/Tile_13.png using Guid(8e9cc43b8c49aab49aa3bd505b46e25b) Importer(815301076,1909f56bfc062723c751e8b465ee728b) (PreviewImporter) -> (artifact id: '2dc651fbd46716e615b6e9481d080ae7') in 0.0530743 seconds
Number of updated asset objects reloaded before import = 0Number of asset objects unloaded after import = 3

========================================================================
Received Import Request.
  Time since last request: 0.000031 seconds.
  path: Assets/Tilesets/craftpix-net-396765-free-simple-platformer-game-kit-pixel-art/2 Locations/Tiles/Tile_04.png
  artifactKey: Guid(d5858f170aeb2064ca96abb15046fa96) Importer(815301076,1909f56bfc062723c751e8b465ee728b)
Start importing Assets/Tilesets/craftpix-net-396765-free-simple-platformer-game-kit-pixel-art/2 Locations/Tiles/Tile_04.png using Guid(d5858f170aeb2064ca96abb15046fa96) Importer(815301076,1909f56bfc062723c751e8b465ee728b) (PreviewImporter) -> (artifact id: 'cdc0cd8ba9595cffda088cf5bb578884') in 0.1724964 seconds
Number of updated asset objects reloaded before import = 0Number of asset objects unloaded after import = 3

========================================================================
Received Import Request.
  Time since last request: 1.257977 seconds.
  path: Assets/Tilesets/craftpix-net-396765-free-simple-platformer-game-kit-pixel-art/2 Locations/Tiles/Tile_15.png
  artifactKey: Guid(d8f13559f242c1f40a0e32d709199f34) Importer(815301076,1909f56bfc062723c751e8b465ee728b)
Start importing Assets/Tilesets/craftpix-net-396765-free-simple-platformer-game-kit-pixel-art/2 Locations/Tiles/Tile_15.png using Guid(d8f13559f242c1f40a0e32d709199f34) Importer(815301076,1909f56bfc062723c751e8b465ee728b) (PreviewImporter) -> (artifact id: 'e9322d69e64bfabb6e6b54f2e70e98a7') in 0.1501673 seconds
Number of updated asset objects reloaded before import = 0Number of asset objects unloaded after import = 3

========================================================================
Received Import Request.
  Time since last request: 0.000028 seconds.
  path: Assets/Tilesets/craftpix-net-396765-free-simple-platformer-game-kit-pixel-art/2 Locations/Tiles/Tile_16.png
  artifactKey: Guid(03a31518363ddb54485f3ea70a5df027) Importer(815301076,1909f56bfc062723c751e8b465ee728b)
Start importing Assets/Tilesets/craftpix-net-396765-free-simple-platformer-game-kit-pixel-art/2 Locations/Tiles/Tile_16.png using Guid(03a31518363ddb54485f3ea70a5df027) Importer(815301076,1909f56bfc062723c751e8b465ee728b) (PreviewImporter) -> (artifact id: '4cf60476195c39367b98bd2772150922') in 0.1649868 seconds
Number of updated asset objects reloaded before import = 0Number of asset objects unloaded after import = 3

========================================================================
Received Import Request.
  Time since last request: 0.000045 seconds.
  path: Assets/Tilesets/craftpix-net-396765-free-simple-platformer-game-kit-pixel-art/2 Locations/Tiles/Tile_22.png
  artifactKey: Guid(aa4298c308f02604c94d6765e066ee24) Importer(815301076,1909f56bfc062723c751e8b465ee728b)
Start importing Assets/Tilesets/craftpix-net-396765-free-simple-platformer-game-kit-pixel-art/2 Locations/Tiles/Tile_22.png using Guid(aa4298c308f02604c94d6765e066ee24) Importer(815301076,1909f56bfc062723c751e8b465ee728b) (PreviewImporter) -> (artifact id: 'c4e0e8be05a2268c9638f9d36419a39a') in 0.0502971 seconds
Number of updated asset objects reloaded before import = 0Number of asset objects unloaded after import = 3

========================================================================
Received Import Request.
  Time since last request: 0.000034 seconds.
  path: Assets/Tilesets/craftpix-net-396765-free-simple-platformer-game-kit-pixel-art/2 Locations/Tiles/Tile_25.png
  artifactKey: Guid(9593593fa3a44f04596606ef384f75ca) Importer(815301076,1909f56bfc062723c751e8b465ee728b)
Start importing Assets/Tilesets/craftpix-net-396765-free-simple-platformer-game-kit-pixel-art/2 Locations/Tiles/Tile_25.png using Guid(9593593fa3a44f04596606ef384f75ca) Importer(815301076,1909f56bfc062723c751e8b465ee728b) (PreviewImporter) -> (artifact id: '5ae8a7045cb0f35a4fc6f223bd83f984') in 0.0375044 seconds
Number of updated asset objects reloaded before import = 0Number of asset objects unloaded after import = 3

========================================================================
Received Import Request.
  Time since last request: 0.000021 seconds.
  path: Assets/Tilesets/craftpix-net-396765-free-simple-platformer-game-kit-pixel-art/2 Locations/Tiles/Tile_18.png
  artifactKey: Guid(3cb0b084bda5bad4081536595c31e475) Importer(815301076,1909f56bfc062723c751e8b465ee728b)
Start importing Assets/Tilesets/craftpix-net-396765-free-simple-platformer-game-kit-pixel-art/2 Locations/Tiles/Tile_18.png using Guid(3cb0b084bda5bad4081536595c31e475) Importer(815301076,1909f56bfc062723c751e8b465ee728b) (PreviewImporter) -> (artifact id: '3757b971d60770be915ac7327da97550') in 0.0342755 seconds
Number of updated asset objects reloaded before import = 0Number of asset objects unloaded after import = 3

========================================================================
Received Import Request.
  Time since last request: 0.000029 seconds.
  path: Assets/Tilesets/craftpix-net-396765-free-simple-platformer-game-kit-pixel-art/2 Locations/Tiles/Tile_23.png
  artifactKey: Guid(43c19c66ce577ca4b89af319911abeb1) Importer(815301076,1909f56bfc062723c751e8b465ee728b)
Start importing Assets/Tilesets/craftpix-net-396765-free-simple-platformer-game-kit-pixel-art/2 Locations/Tiles/Tile_23.png using Guid(43c19c66ce577ca4b89af319911abeb1) Importer(815301076,1909f56bfc062723c751e8b465ee728b) (PreviewImporter) -> (artifact id: 'e63fb8cba730c4d8b680ea91caee35c9') in 0.0320372 seconds
Number of updated asset objects reloaded before import = 0Number of asset objects unloaded after import = 3

========================================================================
Received Import Request.
  Time since last request: 0.000053 seconds.
  path: Assets/Tilesets/craftpix-net-396765-free-simple-platformer-game-kit-pixel-art/2 Locations/Tiles/Tile_27.png
  artifactKey: Guid(63fe847c395b11340994659de5e4b034) Importer(815301076,1909f56bfc062723c751e8b465ee728b)
Start importing Assets/Tilesets/craftpix-net-396765-free-simple-platformer-game-kit-pixel-art/2 Locations/Tiles/Tile_27.png using Guid(63fe847c395b11340994659de5e4b034) Importer(815301076,1909f56bfc062723c751e8b465ee728b) (PreviewImporter) -> (artifact id: 'c41047799ee0f4f216e81c620c4b06fc') in 0.0347422 seconds
Number of updated asset objects reloaded before import = 0Number of asset objects unloaded after import = 3

========================================================================
Received Import Request.
  Time since last request: 0.000024 seconds.
  path: Assets/Tilesets/craftpix-net-396765-free-simple-platformer-game-kit-pixel-art/2 Locations/Tiles/Tile_31.png
  artifactKey: Guid(50203088ae870a841ae3087dcc605299) Importer(815301076,1909f56bfc062723c751e8b465ee728b)
Start importing Assets/Tilesets/craftpix-net-396765-free-simple-platformer-game-kit-pixel-art/2 Locations/Tiles/Tile_31.png using Guid(50203088ae870a841ae3087dcc605299) Importer(815301076,1909f56bfc062723c751e8b465ee728b) (PreviewImporter) -> (artifact id: '2617966d4e30e644ffa7bd852fb8235b') in 0.0348678 seconds
Number of updated asset objects reloaded before import = 0Number of asset objects unloaded after import = 3

========================================================================
Received Import Request.
  Time since last request: 0.000022 seconds.
  path: Assets/Tilesets/craftpix-net-396765-free-simple-platformer-game-kit-pixel-art/2 Locations/Tiles/Tile_41.png
  artifactKey: Guid(60103004a6aa5a74da9f371d5df4c6a1) Importer(815301076,1909f56bfc062723c751e8b465ee728b)
Start importing Assets/Tilesets/craftpix-net-396765-free-simple-platformer-game-kit-pixel-art/2 Locations/Tiles/Tile_41.png using Guid(60103004a6aa5a74da9f371d5df4c6a1) Importer(815301076,1909f56bfc062723c751e8b465ee728b) (PreviewImporter) -> (artifact id: 'eff2e38a2cb2b1c76bdadbec0b7be7c4') in 0.0362044 seconds
Number of updated asset objects reloaded before import = 0Number of asset objects unloaded after import = 3

========================================================================
Received Import Request.
  Time since last request: 0.000077 seconds.
  path: Assets/Tilesets/craftpix-net-396765-free-simple-platformer-game-kit-pixel-art/2 Locations/Tiles/Tile_56.png
  artifactKey: Guid(b611e4d85955dd849bf6d6c843503c75) Importer(815301076,1909f56bfc062723c751e8b465ee728b)
Start importing Assets/Tilesets/craftpix-net-396765-free-simple-platformer-game-kit-pixel-art/2 Locations/Tiles/Tile_56.png using Guid(b611e4d85955dd849bf6d6c843503c75) Importer(815301076,1909f56bfc062723c751e8b465ee728b) (PreviewImporter) -> (artifact id: 'a6037f7bb2b512f158ce9b97985db5e7') in 0.0350234 seconds
Number of updated asset objects reloaded before import = 0Number of asset objects unloaded after import = 3

========================================================================
Received Import Request.
  Time since last request: 0.000050 seconds.
  path: Assets/Tilesets/craftpix-net-396765-free-simple-platformer-game-kit-pixel-art/2 Locations/Tiles/Tile_58.png
  artifactKey: Guid(1f966f7d8be0de443a660e429a87c786) Importer(815301076,1909f56bfc062723c751e8b465ee728b)
Start importing Assets/Tilesets/craftpix-net-396765-free-simple-platformer-game-kit-pixel-art/2 Locations/Tiles/Tile_58.png using Guid(1f966f7d8be0de443a660e429a87c786) Importer(815301076,1909f56bfc062723c751e8b465ee728b) (PreviewImporter) -> (artifact id: '3b70799bd7b555fb069693a35e4e0b78') in 0.0280411 seconds
Number of updated asset objects reloaded before import = 0Number of asset objects unloaded after import = 3

========================================================================
Received Import Request.
  Time since last request: 0.000022 seconds.
  path: Assets/Tilesets/craftpix-net-396765-free-simple-platformer-game-kit-pixel-art/2 Locations/Tiles/Tile_42.png
  artifactKey: Guid(f6740b06b54eb144b9f0af6a180d062d) Importer(815301076,1909f56bfc062723c751e8b465ee728b)
Start importing Assets/Tilesets/craftpix-net-396765-free-simple-platformer-game-kit-pixel-art/2 Locations/Tiles/Tile_42.png using Guid(f6740b06b54eb144b9f0af6a180d062d) Importer(815301076,1909f56bfc062723c751e8b465ee728b) (PreviewImporter) -> (artifact id: '118884dda371ef7dc9ecb81fcc04e86d') in 0.0282257 seconds
Number of updated asset objects reloaded before import = 0Number of asset objects unloaded after import = 3

========================================================================
Received Import Request.
  Time since last request: 0.000021 seconds.
  path: Assets/Tilesets/craftpix-net-396765-free-simple-platformer-game-kit-pixel-art/2 Locations/Tiles/Tile_70.png
  artifactKey: Guid(4f690e74434832e4688966ec008f5e4b) Importer(815301076,1909f56bfc062723c751e8b465ee728b)
Start importing Assets/Tilesets/craftpix-net-396765-free-simple-platformer-game-kit-pixel-art/2 Locations/Tiles/Tile_70.png using Guid(4f690e74434832e4688966ec008f5e4b) Importer(815301076,1909f56bfc062723c751e8b465ee728b) (PreviewImporter) -> (artifact id: 'cfb6b83569bc480e71498054d4aa54dc') in 0.0254203 seconds
Number of updated asset objects reloaded before import = 0Number of asset objects unloaded after import = 3

========================================================================
Received Import Request.
  Time since last request: 0.000067 seconds.
  path: Assets/Tilesets/craftpix-net-396765-free-simple-platformer-game-kit-pixel-art/2 Locations/Tiles/Tile_72.png
  artifactKey: Guid(0bb15f4698ed12443b53a2f1a922f077) Importer(815301076,1909f56bfc062723c751e8b465ee728b)
Start importing Assets/Tilesets/craftpix-net-396765-free-simple-platformer-game-kit-pixel-art/2 Locations/Tiles/Tile_72.png using Guid(0bb15f4698ed12443b53a2f1a922f077) Importer(815301076,1909f56bfc062723c751e8b465ee728b) (PreviewImporter) -> (artifact id: '3dc26284464bbff53e7c73445a6312bd') in 0.0327975 seconds
Number of updated asset objects reloaded before import = 0Number of asset objects unloaded after import = 3

========================================================================
Received Import Request.
  Time since last request: 0.000036 seconds.
  path: Assets/Tilesets/craftpix-net-396765-free-simple-platformer-game-kit-pixel-art/2 Locations/Tiles/Tile_93.png
  artifactKey: Guid(3dffd3dbea695ed47a96427faaf43f27) Importer(815301076,1909f56bfc062723c751e8b465ee728b)
Start importing Assets/Tilesets/craftpix-net-396765-free-simple-platformer-game-kit-pixel-art/2 Locations/Tiles/Tile_93.png using Guid(3dffd3dbea695ed47a96427faaf43f27) Importer(815301076,1909f56bfc062723c751e8b465ee728b) (PreviewImporter) -> (artifact id: '20aee281dfa7a1343a26398f2ecfc50a') in 0.0282215 seconds
Number of updated asset objects reloaded before import = 0Number of asset objects unloaded after import = 3

========================================================================
Received Import Request.
  Time since last request: 0.000017 seconds.
  path: Assets/Tilesets/craftpix-net-396765-free-simple-platformer-game-kit-pixel-art/2 Locations/Tiles/Tile_84.png
  artifactKey: Guid(155edea08f5ac624693362324d516b95) Importer(815301076,1909f56bfc062723c751e8b465ee728b)
Start importing Assets/Tilesets/craftpix-net-396765-free-simple-platformer-game-kit-pixel-art/2 Locations/Tiles/Tile_84.png using Guid(155edea08f5ac624693362324d516b95) Importer(815301076,1909f56bfc062723c751e8b465ee728b) (PreviewImporter) -> (artifact id: '1a2965c8ef042de1728ac6c14dcedd06') in 0.0287765 seconds
Number of updated asset objects reloaded before import = 0Number of asset objects unloaded after import = 3

========================================================================
Received Import Request.
  Time since last request: 0.000036 seconds.
  path: Assets/Tilesets/craftpix-net-396765-free-simple-platformer-game-kit-pixel-art/2 Locations/Tiles/Tile_34.png
  artifactKey: Guid(8ca9166089e90364785820f2f7de8505) Importer(815301076,1909f56bfc062723c751e8b465ee728b)
Start importing Assets/Tilesets/craftpix-net-396765-free-simple-platformer-game-kit-pixel-art/2 Locations/Tiles/Tile_34.png using Guid(8ca9166089e90364785820f2f7de8505) Importer(815301076,1909f56bfc062723c751e8b465ee728b) (PreviewImporter) -> (artifact id: '3bd75201e1ee5640d6c85a61c11ed7be') in 0.0275684 seconds
Number of updated asset objects reloaded before import = 0Number of asset objects unloaded after import = 3

========================================================================
Received Import Request.
  Time since last request: 0.000025 seconds.
  path: Assets/Tilesets/craftpix-net-396765-free-simple-platformer-game-kit-pixel-art/2 Locations/Tiles/Tile_29.png
  artifactKey: Guid(ef270aa5da69d1d4ca3a70fb624fdc89) Importer(815301076,1909f56bfc062723c751e8b465ee728b)
Start importing Assets/Tilesets/craftpix-net-396765-free-simple-platformer-game-kit-pixel-art/2 Locations/Tiles/Tile_29.png using Guid(ef270aa5da69d1d4ca3a70fb624fdc89) Importer(815301076,1909f56bfc062723c751e8b465ee728b) (PreviewImporter) -> (artifact id: '46c00bb427067dd9de4efdf5ca339351') in 0.0341225 seconds
Number of updated asset objects reloaded before import = 0Number of asset objects unloaded after import = 3

========================================================================
Received Import Request.
  Time since last request: 0.000050 seconds.
  path: Assets/Tilesets/craftpix-net-396765-free-simple-platformer-game-kit-pixel-art/2 Locations/Tiles/Tile_95.png
  artifactKey: Guid(47fb99f331a7c3e4e9776d57636374e3) Importer(815301076,1909f56bfc062723c751e8b465ee728b)
Start importing Assets/Tilesets/craftpix-net-396765-free-simple-platformer-game-kit-pixel-art/2 Locations/Tiles/Tile_95.png using Guid(47fb99f331a7c3e4e9776d57636374e3) Importer(815301076,1909f56bfc062723c751e8b465ee728b) (PreviewImporter) -> (artifact id: '649d6cfba48bf37e71178f01a69f8620') in 0.0290547 seconds
Number of updated asset objects reloaded before import = 0Number of asset objects unloaded after import = 3

========================================================================
Received Import Request.
  Time since last request: 0.000045 seconds.
  path: Assets/Tilesets/craftpix-net-396765-free-simple-platformer-game-kit-pixel-art/2 Locations/Tiles/Tile_104.png
  artifactKey: Guid(e14f1d36e28817143bf15209beefda79) Importer(815301076,1909f56bfc062723c751e8b465ee728b)
Start importing Assets/Tilesets/craftpix-net-396765-free-simple-platformer-game-kit-pixel-art/2 Locations/Tiles/Tile_104.png using Guid(e14f1d36e28817143bf15209beefda79) Importer(815301076,1909f56bfc062723c751e8b465ee728b) (PreviewImporter) -> (artifact id: '20e5692c4e05c071dd8c14478aaa34f0') in 0.0293483 seconds
Number of updated asset objects reloaded before import = 0Number of asset objects unloaded after import = 3

========================================================================
Received Import Request.
  Time since last request: 0.000024 seconds.
  path: Assets/Tilesets/craftpix-net-396765-free-simple-platformer-game-kit-pixel-art/2 Locations/Tiles/Tile_51.png
  artifactKey: Guid(e027fc4ff9231ee48ba94199eb95bed1) Importer(815301076,1909f56bfc062723c751e8b465ee728b)
Start importing Assets/Tilesets/craftpix-net-396765-free-simple-platformer-game-kit-pixel-art/2 Locations/Tiles/Tile_51.png using Guid(e027fc4ff9231ee48ba94199eb95bed1) Importer(815301076,1909f56bfc062723c751e8b465ee728b) (PreviewImporter) -> (artifact id: 'd9163720515af4e62f71bdbdaca035dd') in 0.0276147 seconds
Number of updated asset objects reloaded before import = 0Number of asset objects unloaded after import = 3

========================================================================
Received Import Request.
  Time since last request: 0.000045 seconds.
  path: Assets/Tilesets/craftpix-net-396765-free-simple-platformer-game-kit-pixel-art/2 Locations/Tiles/Tile_89.png
  artifactKey: Guid(5911bbedf66d74e4dbaab1afc397929a) Importer(815301076,1909f56bfc062723c751e8b465ee728b)
Start importing Assets/Tilesets/craftpix-net-396765-free-simple-platformer-game-kit-pixel-art/2 Locations/Tiles/Tile_89.png using Guid(5911bbedf66d74e4dbaab1afc397929a) Importer(815301076,1909f56bfc062723c751e8b465ee728b) (PreviewImporter) -> (artifact id: '3f4a3f0e7ee0f30f1673d1a3961826c1') in 0.0334375 seconds
Number of updated asset objects reloaded before import = 0Number of asset objects unloaded after import = 3

========================================================================
Received Import Request.
  Time since last request: 0.000039 seconds.
  path: Assets/Tilesets/craftpix-net-396765-free-simple-platformer-game-kit-pixel-art/2 Locations/Tiles/Tile_88.png
  artifactKey: Guid(f6ce344bc663fc44aa4dcca71553068d) Importer(815301076,1909f56bfc062723c751e8b465ee728b)
Start importing Assets/Tilesets/craftpix-net-396765-free-simple-platformer-game-kit-pixel-art/2 Locations/Tiles/Tile_88.png using Guid(f6ce344bc663fc44aa4dcca71553068d) Importer(815301076,1909f56bfc062723c751e8b465ee728b) (PreviewImporter) -> (artifact id: '302d7cad03634040a11847f6715fe0f7') in 0.0297189 seconds
Number of updated asset objects reloaded before import = 0Number of asset objects unloaded after import = 3

========================================================================
Received Import Request.
  Time since last request: 0.000020 seconds.
  path: Assets/Tilesets/craftpix-net-396765-free-simple-platformer-game-kit-pixel-art/2 Locations/Tiles/Tile_90.png
  artifactKey: Guid(5cad36121c17a1744a1670a63da1ca12) Importer(815301076,1909f56bfc062723c751e8b465ee728b)
Start importing Assets/Tilesets/craftpix-net-396765-free-simple-platformer-game-kit-pixel-art/2 Locations/Tiles/Tile_90.png using Guid(5cad36121c17a1744a1670a63da1ca12) Importer(815301076,1909f56bfc062723c751e8b465ee728b) (PreviewImporter) -> (artifact id: 'c95365bdf07feb332c0976ed7b62499f') in 0.0288828 seconds
Number of updated asset objects reloaded before import = 0Number of asset objects unloaded after import = 3

========================================================================
Received Import Request.
  Time since last request: 0.000157 seconds.
  path: Assets/Tilesets/craftpix-net-396765-free-simple-platformer-game-kit-pixel-art/2 Locations/Tiles/Tile_97.png
  artifactKey: Guid(7e424f2e38aed914d88a7b2e961c9581) Importer(815301076,1909f56bfc062723c751e8b465ee728b)
Start importing Assets/Tilesets/craftpix-net-396765-free-simple-platformer-game-kit-pixel-art/2 Locations/Tiles/Tile_97.png using Guid(7e424f2e38aed914d88a7b2e961c9581) Importer(815301076,1909f56bfc062723c751e8b465ee728b) (PreviewImporter) -> (artifact id: '828956ed2702a6c6643663fc707974f4') in 0.0339002 seconds
Number of updated asset objects reloaded before import = 0Number of asset objects unloaded after import = 3

========================================================================
Received Import Request.
  Time since last request: 0.000029 seconds.
  path: Assets/Tilesets/craftpix-net-396765-free-simple-platformer-game-kit-pixel-art/2 Locations/Tiles/Tile_101.png
  artifactKey: Guid(88e9798f3a535fa4db6be1d0f5a3a5bc) Importer(815301076,1909f56bfc062723c751e8b465ee728b)
Start importing Assets/Tilesets/craftpix-net-396765-free-simple-platformer-game-kit-pixel-art/2 Locations/Tiles/Tile_101.png using Guid(88e9798f3a535fa4db6be1d0f5a3a5bc) Importer(815301076,1909f56bfc062723c751e8b465ee728b) (PreviewImporter) -> (artifact id: '13b0b348a2efdadec12f9791617a6cde') in 0.0295604 seconds
Number of updated asset objects reloaded before import = 0Number of asset objects unloaded after import = 3

========================================================================
Received Import Request.
  Time since last request: 0.000034 seconds.
  path: Assets/Tilesets/craftpix-net-396765-free-simple-platformer-game-kit-pixel-art/2 Locations/Tiles/Tile_49.png
  artifactKey: Guid(f41b966938fdba04ab5e53bd53f3c190) Importer(815301076,1909f56bfc062723c751e8b465ee728b)
Start importing Assets/Tilesets/craftpix-net-396765-free-simple-platformer-game-kit-pixel-art/2 Locations/Tiles/Tile_49.png using Guid(f41b966938fdba04ab5e53bd53f3c190) Importer(815301076,1909f56bfc062723c751e8b465ee728b) (PreviewImporter) -> (artifact id: '1435b4b1e54ae4cf5c5c2d71bf069897') in 0.0282124 seconds
Number of updated asset objects reloaded before import = 0Number of asset objects unloaded after import = 3

========================================================================
Received Import Request.
  Time since last request: 0.000021 seconds.
  path: Assets/Tilesets/craftpix-net-396765-free-simple-platformer-game-kit-pixel-art/2 Locations/Tiles/Tile_43.png
  artifactKey: Guid(587e110f2e56ac9459dc60b21be64317) Importer(815301076,1909f56bfc062723c751e8b465ee728b)
Start importing Assets/Tilesets/craftpix-net-396765-free-simple-platformer-game-kit-pixel-art/2 Locations/Tiles/Tile_43.png using Guid(587e110f2e56ac9459dc60b21be64317) Importer(815301076,1909f56bfc062723c751e8b465ee728b) (PreviewImporter) -> (artifact id: 'e9c87b2c58ba3afd6f26c80ce73d9175') in 0.0287822 seconds
Number of updated asset objects reloaded before import = 0Number of asset objects unloaded after import = 3

========================================================================
Received Import Request.
  Time since last request: 0.000020 seconds.
  path: Assets/Tilesets/craftpix-net-396765-free-simple-platformer-game-kit-pixel-art/2 Locations/Tiles/Tile_105.png
  artifactKey: Guid(c155c1af349999848b8a9c4bbc29e283) Importer(815301076,1909f56bfc062723c751e8b465ee728b)
Start importing Assets/Tilesets/craftpix-net-396765-free-simple-platformer-game-kit-pixel-art/2 Locations/Tiles/Tile_105.png using Guid(c155c1af349999848b8a9c4bbc29e283) Importer(815301076,1909f56bfc062723c751e8b465ee728b) (PreviewImporter) -> (artifact id: '0ced16df8303949e1fcbbe6074f21860') in 0.0268366 seconds
Number of updated asset objects reloaded before import = 0Number of asset objects unloaded after import = 3

========================================================================
Received Import Request.
  Time since last request: 0.000020 seconds.
  path: Assets/Tilesets/craftpix-net-396765-free-simple-platformer-game-kit-pixel-art/2 Locations/Tiles/Tile_106.png
  artifactKey: Guid(2f3c0185f81046b42ae4988be84d6d06) Importer(815301076,1909f56bfc062723c751e8b465ee728b)
Start importing Assets/Tilesets/craftpix-net-396765-free-simple-platformer-game-kit-pixel-art/2 Locations/Tiles/Tile_106.png using Guid(2f3c0185f81046b42ae4988be84d6d06) Importer(815301076,1909f56bfc062723c751e8b465ee728b) (PreviewImporter) -> (artifact id: 'e97393ac343974f1e384ed847958a0f2') in 0.0262057 seconds
Number of updated asset objects reloaded before import = 0Number of asset objects unloaded after import = 3

========================================================================
Received Import Request.
  Time since last request: 0.000022 seconds.
  path: Assets/Tilesets/craftpix-net-396765-free-simple-platformer-game-kit-pixel-art/2 Locations/Tiles/Tile_96.png
  artifactKey: Guid(660732bb4fb4ae841a6fe9334af353ff) Importer(815301076,1909f56bfc062723c751e8b465ee728b)
Start importing Assets/Tilesets/craftpix-net-396765-free-simple-platformer-game-kit-pixel-art/2 Locations/Tiles/Tile_96.png using Guid(660732bb4fb4ae841a6fe9334af353ff) Importer(815301076,1909f56bfc062723c751e8b465ee728b) (PreviewImporter) -> (artifact id: 'b5be37e52c54995f019dd685f213d104') in 0.0299156 seconds
Number of updated asset objects reloaded before import = 0Number of asset objects unloaded after import = 3

========================================================================
Received Import Request.
  Time since last request: 0.000061 seconds.
  path: Assets/Tilesets/craftpix-net-396765-free-simple-platformer-game-kit-pixel-art/2 Locations/Tiles/Tile_53.png
  artifactKey: Guid(ce970d5c0b1488c4bb8a8a2e42763eac) Importer(815301076,1909f56bfc062723c751e8b465ee728b)
Start importing Assets/Tilesets/craftpix-net-396765-free-simple-platformer-game-kit-pixel-art/2 Locations/Tiles/Tile_53.png using Guid(ce970d5c0b1488c4bb8a8a2e42763eac) Importer(815301076,1909f56bfc062723c751e8b465ee728b) (PreviewImporter) -> (artifact id: '9125a28d6feb95954997a7c850f459fd') in 0.0643133 seconds
Number of updated asset objects reloaded before import = 0Number of asset objects unloaded after import = 3

========================================================================
Received Import Request.
  Time since last request: 0.000031 seconds.
  path: Assets/Tilesets/craftpix-net-396765-free-simple-platformer-game-kit-pixel-art/2 Locations/Tiles/Tile_82.png
  artifactKey: Guid(0119eb27603267942a4420c391fbe4a4) Importer(815301076,1909f56bfc062723c751e8b465ee728b)
Start importing Assets/Tilesets/craftpix-net-396765-free-simple-platformer-game-kit-pixel-art/2 Locations/Tiles/Tile_82.png using Guid(0119eb27603267942a4420c391fbe4a4) Importer(815301076,1909f56bfc062723c751e8b465ee728b) (PreviewImporter) -> (artifact id: 'ad8aa1cb42a043e55ac2789e54eab08e') in 0.035398 seconds
Number of updated asset objects reloaded before import = 0Number of asset objects unloaded after import = 3

========================================================================
Received Import Request.
  Time since last request: 0.000018 seconds.
  path: Assets/Tilesets/craftpix-net-396765-free-simple-platformer-game-kit-pixel-art/2 Locations/Tiles/Tile_87.png
  artifactKey: Guid(393b3d7f29cd6e44e8f5a192ec44d69f) Importer(815301076,1909f56bfc062723c751e8b465ee728b)
Start importing Assets/Tilesets/craftpix-net-396765-free-simple-platformer-game-kit-pixel-art/2 Locations/Tiles/Tile_87.png using Guid(393b3d7f29cd6e44e8f5a192ec44d69f) Importer(815301076,1909f56bfc062723c751e8b465ee728b) (PreviewImporter) -> (artifact id: 'b648fa120e5ee4671924a5003e67a3db') in 0.0957418 seconds
Number of updated asset objects reloaded before import = 0Number of asset objects unloaded after import = 3

========================================================================
Received Import Request.
  Time since last request: 0.000026 seconds.
  path: Assets/Tilesets/craftpix-net-396765-free-simple-platformer-game-kit-pixel-art/2 Locations/Tiles/Tile_47.png
  artifactKey: Guid(b58192b45a5be4b46af751a1f2c5ff7b) Importer(815301076,1909f56bfc062723c751e8b465ee728b)
Start importing Assets/Tilesets/craftpix-net-396765-free-simple-platformer-game-kit-pixel-art/2 Locations/Tiles/Tile_47.png using Guid(b58192b45a5be4b46af751a1f2c5ff7b) Importer(815301076,1909f56bfc062723c751e8b465ee728b) (PreviewImporter) -> (artifact id: '406b8bf9a9fec96b4d16d719a6f3021a') in 0.03686 seconds
Number of updated asset objects reloaded before import = 0Number of asset objects unloaded after import = 3

========================================================================
Received Import Request.
  Time since last request: 0.000047 seconds.
  path: Assets/Tilesets/craftpix-net-396765-free-simple-platformer-game-kit-pixel-art/2 Locations/Tiles/Tile_113.png
  artifactKey: Guid(a973fcd2570e18242b779e7e422a522d) Importer(815301076,1909f56bfc062723c751e8b465ee728b)
Start importing Assets/Tilesets/craftpix-net-396765-free-simple-platformer-game-kit-pixel-art/2 Locations/Tiles/Tile_113.png using Guid(a973fcd2570e18242b779e7e422a522d) Importer(815301076,1909f56bfc062723c751e8b465ee728b) (PreviewImporter) -> (artifact id: '5267876cd16c2c632b2c1065b81be075') in 0.0270364 seconds
Number of updated asset objects reloaded before import = 0Number of asset objects unloaded after import = 3

========================================================================
Received Import Request.
  Time since last request: 0.000022 seconds.
  path: Assets/Tilesets/craftpix-net-396765-free-simple-platformer-game-kit-pixel-art/2 Locations/Tiles/Tile_110.png
  artifactKey: Guid(b9e9d48a11a53e840b3ffa167aed0943) Importer(815301076,1909f56bfc062723c751e8b465ee728b)
Start importing Assets/Tilesets/craftpix-net-396765-free-simple-platformer-game-kit-pixel-art/2 Locations/Tiles/Tile_110.png using Guid(b9e9d48a11a53e840b3ffa167aed0943) Importer(815301076,1909f56bfc062723c751e8b465ee728b) (PreviewImporter) -> (artifact id: '6ad1005ab6758153a9cc4fe7576c4480') in 0.0300607 seconds
Number of updated asset objects reloaded before import = 0Number of asset objects unloaded after import = 3

========================================================================
Received Import Request.
  Time since last request: 0.603842 seconds.
  path: Assets/Tilesets/craftpix-net-396765-free-simple-platformer-game-kit-pixel-art/2 Locations/Tiles/Tile_120.png
  artifactKey: Guid(cb4c13eff0e222145829f50531773a1e) Importer(815301076,1909f56bfc062723c751e8b465ee728b)
Start importing Assets/Tilesets/craftpix-net-396765-free-simple-platformer-game-kit-pixel-art/2 Locations/Tiles/Tile_120.png using Guid(cb4c13eff0e222145829f50531773a1e) Importer(815301076,1909f56bfc062723c751e8b465ee728b) (PreviewImporter) -> (artifact id: '885e587a0443dcb3c9a3d56fbaa95590') in 0.0401634 seconds
Number of updated asset objects reloaded before import = 0Number of asset objects unloaded after import = 3

Editor requested this worker to shutdown with reason: Scaling down because of idle timeout
AssetImportWorker is now disconnected from the server
Process exiting
Exiting without the bug reporter. Application will terminate with return code 0